../../Drivers/CMSIS/Include/core_cm4.h:1933:34:__NVIC_SystemReset	0	static,ignoring_inline_asm
C:/Users/tusg0/iiiii/LoRaWAN_End_Node/LoRaWAN/App/lora_app.c:800:13:OnSysTimeUpdate	0	static
C:/Users/tusg0/iiiii/LoRaWAN_End_Node/LoRaWAN/App/lora_app.c:848:13:OnTxFrameCtrlChanged	0	static
C:/Users/tusg0/iiiii/LoRaWAN_End_Node/LoRaWAN/App/lora_app.c:859:13:OnPingSlotPeriodicityChanged	0	static
C:/Users/tusg0/iiiii/LoRaWAN_End_Node/LoRaWAN/App/lora_app.c:765:13:OnBeaconStatusChange	72	static
C:/Users/tusg0/iiiii/LoRaWAN_End_Node/LoRaWAN/App/lora_app.c:807:13:OnClassChange	16	static
C:/Users/tusg0/iiiii/LoRaWAN_End_Node/LoRaWAN/App/lora_app.c:959:13:OnNvmDataChange	8	static
C:/Users/tusg0/iiiii/LoRaWAN_End_Node/LoRaWAN/App/lora_app.c:667:13:OnTxTimerEvent	8	static
C:/Users/tusg0/iiiii/LoRaWAN_End_Node/LoRaWAN/App/lora_app.c:814:13:OnMacProcessNotify	8	static
C:/Users/tusg0/iiiii/LoRaWAN_End_Node/LoRaWAN/App/lora_app.c:870:13:OnSystemReset	8	static
C:/Users/tusg0/iiiii/LoRaWAN_End_Node/LoRaWAN/App/lora_app.c:826:13:OnTxPeriodicityChanged	8	static
C:/Users/tusg0/iiiii/LoRaWAN_End_Node/LoRaWAN/App/lora_app.c:697:13:OnTxData	24	static
C:/Users/tusg0/iiiii/LoRaWAN_End_Node/LoRaWAN/App/lora_app.c:921:13:OnStopJoinTimerEvent	8	static
C:/Users/tusg0/iiiii/LoRaWAN_End_Node/LoRaWAN/App/lora_app.c:685:13:OnRxTimerLedEvent	8	static
C:/Users/tusg0/iiiii/LoRaWAN_End_Node/LoRaWAN/App/lora_app.c:680:13:OnTxTimerLedEvent	8	static
C:/Users/tusg0/iiiii/LoRaWAN_End_Node/LoRaWAN/App/lora_app.c:473:13:OnRxData	40	static
C:/Users/tusg0/iiiii/LoRaWAN_End_Node/LoRaWAN/App/lora_app.c:726:13:OnJoinRequest	16	static
C:/Users/tusg0/iiiii/LoRaWAN_End_Node/LoRaWAN/App/lora_app.c:977:13:OnStoreContextRequest	16	static
C:/Users/tusg0/iiiii/LoRaWAN_End_Node/LoRaWAN/App/lora_app.c:992:13:OnRestoreContextRequest	8	static
C:/Users/tusg0/iiiii/LoRaWAN_End_Node/LoRaWAN/App/lora_app.c:884:13:StopJoin	16	static
C:/Users/tusg0/iiiii/LoRaWAN_End_Node/LoRaWAN/App/lora_app.c:937:13:StoreContext	8	static
C:/Users/tusg0/iiiii/LoRaWAN_End_Node/LoRaWAN/App/lora_app.c:553:13:SendTxData	56	static
C:/Users/tusg0/iiiii/LoRaWAN_End_Node/LoRaWAN/App/lora_app.c:690:13:OnJoinTimerLedEvent	8	static
C:/Users/tusg0/iiiii/LoRaWAN_End_Node/LoRaWAN/App/lora_app.c:349:6:LoRaWAN_Init	48	static
C:/Users/tusg0/iiiii/LoRaWAN_End_Node/LoRaWAN/App/lora_app.c:444:6:HAL_GPIO_EXTI_Callback	8	static
