02:44:42 **** Incremental Build of configuration Debug for project LoRaWAN_End_Node ****
make -j12 all 
arm-none-eabi-gcc "C:/Users/tusg0/iiiii/LoRaWAN_End_Node/Middlewares/Third_Party/LoRaWAN/LmHandler/LmHandler.c" -mcpu=cortex-m4 -std=gnu11 -g3 -DDEBUG -DCORE_CM4 -DUSE_HAL_DRIVER -DSTM32WL55xx -c -I../../Core/Inc -I../../LoRaWAN/App -I../../LoRaWAN/Target -I../../Drivers/STM32WLxx_HAL_Driver/Inc -I../../Drivers/STM32WLxx_HAL_Driver/Inc/Legacy -I../../Utilities/trace/adv_trace -I../../Utilities/misc -I../../Utilities/sequencer -I../../Utilities/timer -I../../Utilities/lpm/tiny_lpm -I../../Middlewares/Third_Party/LoRaWAN/LmHandler/Packages -I../../Drivers/CMSIS/Device/ST/STM32WLxx/Include -I../../Middlewares/Third_Party/LoRaWAN/Crypto -I../../Middlewares/Third_Party/LoRaWAN/Mac/Region -I../../Middlewares/Third_Party/LoRaWAN/Mac -I../../Middlewares/Third_Party/LoRaWAN/LmHandler -I../../Middlewares/Third_Party/LoRaWAN/Utilities -I../../Middlewares/Third_Party/SubGHz_Phy -I../../Middlewares/Third_Party/SubGHz_Phy/stm32_radio_driver -I../../Drivers/CMSIS/Include -I../../Drivers/BSP/STM32WLxx_Nucleo -I../Middlewares/Third_Party/LoRaWAN/Utilities -I/LoRaWAN_End_Node/Middlewares/Third_Party/LoRaWAN/Utilities/lorawan_conf.h -Og -ffunction-sections -fdata-sections -Wall -fstack-usage -fcyclomatic-complexity -MMD -MP -MF"Middlewares/LoRaWAN/LmHandler.d" -MT"Middlewares/LoRaWAN/LmHandler.o" --specs=nano.specs -mfloat-abi=soft -mthumb -o "Middlewares/LoRaWAN/LmHandler.o"
arm-none-eabi-gcc "C:/Users/tusg0/iiiii/LoRaWAN_End_Node/Middlewares/Third_Party/LoRaWAN/LmHandler/Packages/LmhpCompliance.c" -mcpu=cortex-m4 -std=gnu11 -g3 -DDEBUG -DCORE_CM4 -DUSE_HAL_DRIVER -DSTM32WL55xx -c -I../../Core/Inc -I../../LoRaWAN/App -I../../LoRaWAN/Target -I../../Drivers/STM32WLxx_HAL_Driver/Inc -I../../Drivers/STM32WLxx_HAL_Driver/Inc/Legacy -I../../Utilities/trace/adv_trace -I../../Utilities/misc -I../../Utilities/sequencer -I../../Utilities/timer -I../../Utilities/lpm/tiny_lpm -I../../Middlewares/Third_Party/LoRaWAN/LmHandler/Packages -I../../Drivers/CMSIS/Device/ST/STM32WLxx/Include -I../../Middlewares/Third_Party/LoRaWAN/Crypto -I../../Middlewares/Third_Party/LoRaWAN/Mac/Region -I../../Middlewares/Third_Party/LoRaWAN/Mac -I../../Middlewares/Third_Party/LoRaWAN/LmHandler -I../../Middlewares/Third_Party/LoRaWAN/Utilities -I../../Middlewares/Third_Party/SubGHz_Phy -I../../Middlewares/Third_Party/SubGHz_Phy/stm32_radio_driver -I../../Drivers/CMSIS/Include -I../../Drivers/BSP/STM32WLxx_Nucleo -I../Middlewares/Third_Party/LoRaWAN/Utilities -I/LoRaWAN_End_Node/Middlewares/Third_Party/LoRaWAN/Utilities/lorawan_conf.h -Og -ffunction-sections -fdata-sections -Wall -fstack-usage -fcyclomatic-complexity -MMD -MP -MF"Middlewares/LoRaWAN/LmhpCompliance.d" -MT"Middlewares/LoRaWAN/LmhpCompliance.o" --specs=nano.specs -mfloat-abi=soft -mthumb -o "Middlewares/LoRaWAN/LmhpCompliance.o"
arm-none-eabi-gcc "C:/Users/tusg0/iiiii/LoRaWAN_End_Node/Middlewares/Third_Party/LoRaWAN/LmHandler/Packages/LmhpPackagesRegistration.c" -mcpu=cortex-m4 -std=gnu11 -g3 -DDEBUG -DCORE_CM4 -DUSE_HAL_DRIVER -DSTM32WL55xx -c -I../../Core/Inc -I../../LoRaWAN/App -I../../LoRaWAN/Target -I../../Drivers/STM32WLxx_HAL_Driver/Inc -I../../Drivers/STM32WLxx_HAL_Driver/Inc/Legacy -I../../Utilities/trace/adv_trace -I../../Utilities/misc -I../../Utilities/sequencer -I../../Utilities/timer -I../../Utilities/lpm/tiny_lpm -I../../Middlewares/Third_Party/LoRaWAN/LmHandler/Packages -I../../Drivers/CMSIS/Device/ST/STM32WLxx/Include -I../../Middlewares/Third_Party/LoRaWAN/Crypto -I../../Middlewares/Third_Party/LoRaWAN/Mac/Region -I../../Middlewares/Third_Party/LoRaWAN/Mac -I../../Middlewares/Third_Party/LoRaWAN/LmHandler -I../../Middlewares/Third_Party/LoRaWAN/Utilities -I../../Middlewares/Third_Party/SubGHz_Phy -I../../Middlewares/Third_Party/SubGHz_Phy/stm32_radio_driver -I../../Drivers/CMSIS/Include -I../../Drivers/BSP/STM32WLxx_Nucleo -I../Middlewares/Third_Party/LoRaWAN/Utilities -I/LoRaWAN_End_Node/Middlewares/Third_Party/LoRaWAN/Utilities/lorawan_conf.h -Og -ffunction-sections -fdata-sections -Wall -fstack-usage -fcyclomatic-complexity -MMD -MP -MF"Middlewares/LoRaWAN/LmhpPackagesRegistration.d" -MT"Middlewares/LoRaWAN/LmhpPackagesRegistration.o" --specs=nano.specs -mfloat-abi=soft -mthumb -o "Middlewares/LoRaWAN/LmhpPackagesRegistration.o"
arm-none-eabi-gcc "C:/Users/tusg0/iiiii/LoRaWAN_End_Node/Middlewares/Third_Party/LoRaWAN/Mac/LoRaMac.c" -mcpu=cortex-m4 -std=gnu11 -g3 -DDEBUG -DCORE_CM4 -DUSE_HAL_DRIVER -DSTM32WL55xx -c -I../../Core/Inc -I../../LoRaWAN/App -I../../LoRaWAN/Target -I../../Drivers/STM32WLxx_HAL_Driver/Inc -I../../Drivers/STM32WLxx_HAL_Driver/Inc/Legacy -I../../Utilities/trace/adv_trace -I../../Utilities/misc -I../../Utilities/sequencer -I../../Utilities/timer -I../../Utilities/lpm/tiny_lpm -I../../Middlewares/Third_Party/LoRaWAN/LmHandler/Packages -I../../Drivers/CMSIS/Device/ST/STM32WLxx/Include -I../../Middlewares/Third_Party/LoRaWAN/Crypto -I../../Middlewares/Third_Party/LoRaWAN/Mac/Region -I../../Middlewares/Third_Party/LoRaWAN/Mac -I../../Middlewares/Third_Party/LoRaWAN/LmHandler -I../../Middlewares/Third_Party/LoRaWAN/Utilities -I../../Middlewares/Third_Party/SubGHz_Phy -I../../Middlewares/Third_Party/SubGHz_Phy/stm32_radio_driver -I../../Drivers/CMSIS/Include -I../../Drivers/BSP/STM32WLxx_Nucleo -I../Middlewares/Third_Party/LoRaWAN/Utilities -I/LoRaWAN_End_Node/Middlewares/Third_Party/LoRaWAN/Utilities/lorawan_conf.h -Og -ffunction-sections -fdata-sections -Wall -fstack-usage -fcyclomatic-complexity -MMD -MP -MF"Middlewares/LoRaWAN/LoRaMac.d" -MT"Middlewares/LoRaWAN/LoRaMac.o" --specs=nano.specs -mfloat-abi=soft -mthumb -o "Middlewares/LoRaWAN/LoRaMac.o"
arm-none-eabi-gcc "C:/Users/tusg0/iiiii/LoRaWAN_End_Node/Middlewares/Third_Party/LoRaWAN/Mac/LoRaMacAdr.c" -mcpu=cortex-m4 -std=gnu11 -g3 -DDEBUG -DCORE_CM4 -DUSE_HAL_DRIVER -DSTM32WL55xx -c -I../../Core/Inc -I../../LoRaWAN/App -I../../LoRaWAN/Target -I../../Drivers/STM32WLxx_HAL_Driver/Inc -I../../Drivers/STM32WLxx_HAL_Driver/Inc/Legacy -I../../Utilities/trace/adv_trace -I../../Utilities/misc -I../../Utilities/sequencer -I../../Utilities/timer -I../../Utilities/lpm/tiny_lpm -I../../Middlewares/Third_Party/LoRaWAN/LmHandler/Packages -I../../Drivers/CMSIS/Device/ST/STM32WLxx/Include -I../../Middlewares/Third_Party/LoRaWAN/Crypto -I../../Middlewares/Third_Party/LoRaWAN/Mac/Region -I../../Middlewares/Third_Party/LoRaWAN/Mac -I../../Middlewares/Third_Party/LoRaWAN/LmHandler -I../../Middlewares/Third_Party/LoRaWAN/Utilities -I../../Middlewares/Third_Party/SubGHz_Phy -I../../Middlewares/Third_Party/SubGHz_Phy/stm32_radio_driver -I../../Drivers/CMSIS/Include -I../../Drivers/BSP/STM32WLxx_Nucleo -I../Middlewares/Third_Party/LoRaWAN/Utilities -I/LoRaWAN_End_Node/Middlewares/Third_Party/LoRaWAN/Utilities/lorawan_conf.h -Og -ffunction-sections -fdata-sections -Wall -fstack-usage -fcyclomatic-complexity -MMD -MP -MF"Middlewares/LoRaWAN/LoRaMacAdr.d" -MT"Middlewares/LoRaWAN/LoRaMacAdr.o" --specs=nano.specs -mfloat-abi=soft -mthumb -o "Middlewares/LoRaWAN/LoRaMacAdr.o"
arm-none-eabi-gcc "C:/Users/tusg0/iiiii/LoRaWAN_End_Node/Middlewares/Third_Party/LoRaWAN/Mac/LoRaMacClassB.c" -mcpu=cortex-m4 -std=gnu11 -g3 -DDEBUG -DCORE_CM4 -DUSE_HAL_DRIVER -DSTM32WL55xx -c -I../../Core/Inc -I../../LoRaWAN/App -I../../LoRaWAN/Target -I../../Drivers/STM32WLxx_HAL_Driver/Inc -I../../Drivers/STM32WLxx_HAL_Driver/Inc/Legacy -I../../Utilities/trace/adv_trace -I../../Utilities/misc -I../../Utilities/sequencer -I../../Utilities/timer -I../../Utilities/lpm/tiny_lpm -I../../Middlewares/Third_Party/LoRaWAN/LmHandler/Packages -I../../Drivers/CMSIS/Device/ST/STM32WLxx/Include -I../../Middlewares/Third_Party/LoRaWAN/Crypto -I../../Middlewares/Third_Party/LoRaWAN/Mac/Region -I../../Middlewares/Third_Party/LoRaWAN/Mac -I../../Middlewares/Third_Party/LoRaWAN/LmHandler -I../../Middlewares/Third_Party/LoRaWAN/Utilities -I../../Middlewares/Third_Party/SubGHz_Phy -I../../Middlewares/Third_Party/SubGHz_Phy/stm32_radio_driver -I../../Drivers/CMSIS/Include -I../../Drivers/BSP/STM32WLxx_Nucleo -I../Middlewares/Third_Party/LoRaWAN/Utilities -I/LoRaWAN_End_Node/Middlewares/Third_Party/LoRaWAN/Utilities/lorawan_conf.h -Og -ffunction-sections -fdata-sections -Wall -fstack-usage -fcyclomatic-complexity -MMD -MP -MF"Middlewares/LoRaWAN/LoRaMacClassB.d" -MT"Middlewares/LoRaWAN/LoRaMacClassB.o" --specs=nano.specs -mfloat-abi=soft -mthumb -o "Middlewares/LoRaWAN/LoRaMacClassB.o"
arm-none-eabi-gcc "C:/Users/tusg0/iiiii/LoRaWAN_End_Node/Middlewares/Third_Party/LoRaWAN/Mac/LoRaMacCommands.c" -mcpu=cortex-m4 -std=gnu11 -g3 -DDEBUG -DCORE_CM4 -DUSE_HAL_DRIVER -DSTM32WL55xx -c -I../../Core/Inc -I../../LoRaWAN/App -I../../LoRaWAN/Target -I../../Drivers/STM32WLxx_HAL_Driver/Inc -I../../Drivers/STM32WLxx_HAL_Driver/Inc/Legacy -I../../Utilities/trace/adv_trace -I../../Utilities/misc -I../../Utilities/sequencer -I../../Utilities/timer -I../../Utilities/lpm/tiny_lpm -I../../Middlewares/Third_Party/LoRaWAN/LmHandler/Packages -I../../Drivers/CMSIS/Device/ST/STM32WLxx/Include -I../../Middlewares/Third_Party/LoRaWAN/Crypto -I../../Middlewares/Third_Party/LoRaWAN/Mac/Region -I../../Middlewares/Third_Party/LoRaWAN/Mac -I../../Middlewares/Third_Party/LoRaWAN/LmHandler -I../../Middlewares/Third_Party/LoRaWAN/Utilities -I../../Middlewares/Third_Party/SubGHz_Phy -I../../Middlewares/Third_Party/SubGHz_Phy/stm32_radio_driver -I../../Drivers/CMSIS/Include -I../../Drivers/BSP/STM32WLxx_Nucleo -I../Middlewares/Third_Party/LoRaWAN/Utilities -I/LoRaWAN_End_Node/Middlewares/Third_Party/LoRaWAN/Utilities/lorawan_conf.h -Og -ffunction-sections -fdata-sections -Wall -fstack-usage -fcyclomatic-complexity -MMD -MP -MF"Middlewares/LoRaWAN/LoRaMacCommands.d" -MT"Middlewares/LoRaWAN/LoRaMacCommands.o" --specs=nano.specs -mfloat-abi=soft -mthumb -o "Middlewares/LoRaWAN/LoRaMacCommands.o"
arm-none-eabi-gcc "C:/Users/tusg0/iiiii/LoRaWAN_End_Node/Middlewares/Third_Party/LoRaWAN/Mac/LoRaMacConfirmQueue.c" -mcpu=cortex-m4 -std=gnu11 -g3 -DDEBUG -DCORE_CM4 -DUSE_HAL_DRIVER -DSTM32WL55xx -c -I../../Core/Inc -I../../LoRaWAN/App -I../../LoRaWAN/Target -I../../Drivers/STM32WLxx_HAL_Driver/Inc -I../../Drivers/STM32WLxx_HAL_Driver/Inc/Legacy -I../../Utilities/trace/adv_trace -I../../Utilities/misc -I../../Utilities/sequencer -I../../Utilities/timer -I../../Utilities/lpm/tiny_lpm -I../../Middlewares/Third_Party/LoRaWAN/LmHandler/Packages -I../../Drivers/CMSIS/Device/ST/STM32WLxx/Include -I../../Middlewares/Third_Party/LoRaWAN/Crypto -I../../Middlewares/Third_Party/LoRaWAN/Mac/Region -I../../Middlewares/Third_Party/LoRaWAN/Mac -I../../Middlewares/Third_Party/LoRaWAN/LmHandler -I../../Middlewares/Third_Party/LoRaWAN/Utilities -I../../Middlewares/Third_Party/SubGHz_Phy -I../../Middlewares/Third_Party/SubGHz_Phy/stm32_radio_driver -I../../Drivers/CMSIS/Include -I../../Drivers/BSP/STM32WLxx_Nucleo -I../Middlewares/Third_Party/LoRaWAN/Utilities -I/LoRaWAN_End_Node/Middlewares/Third_Party/LoRaWAN/Utilities/lorawan_conf.h -Og -ffunction-sections -fdata-sections -Wall -fstack-usage -fcyclomatic-complexity -MMD -MP -MF"Middlewares/LoRaWAN/LoRaMacConfirmQueue.d" -MT"Middlewares/LoRaWAN/LoRaMacConfirmQueue.o" --specs=nano.specs -mfloat-abi=soft -mthumb -o "Middlewares/LoRaWAN/LoRaMacConfirmQueue.o"
arm-none-eabi-gcc "C:/Users/tusg0/iiiii/LoRaWAN_End_Node/Middlewares/Third_Party/LoRaWAN/Mac/LoRaMacCrypto.c" -mcpu=cortex-m4 -std=gnu11 -g3 -DDEBUG -DCORE_CM4 -DUSE_HAL_DRIVER -DSTM32WL55xx -c -I../../Core/Inc -I../../LoRaWAN/App -I../../LoRaWAN/Target -I../../Drivers/STM32WLxx_HAL_Driver/Inc -I../../Drivers/STM32WLxx_HAL_Driver/Inc/Legacy -I../../Utilities/trace/adv_trace -I../../Utilities/misc -I../../Utilities/sequencer -I../../Utilities/timer -I../../Utilities/lpm/tiny_lpm -I../../Middlewares/Third_Party/LoRaWAN/LmHandler/Packages -I../../Drivers/CMSIS/Device/ST/STM32WLxx/Include -I../../Middlewares/Third_Party/LoRaWAN/Crypto -I../../Middlewares/Third_Party/LoRaWAN/Mac/Region -I../../Middlewares/Third_Party/LoRaWAN/Mac -I../../Middlewares/Third_Party/LoRaWAN/LmHandler -I../../Middlewares/Third_Party/LoRaWAN/Utilities -I../../Middlewares/Third_Party/SubGHz_Phy -I../../Middlewares/Third_Party/SubGHz_Phy/stm32_radio_driver -I../../Drivers/CMSIS/Include -I../../Drivers/BSP/STM32WLxx_Nucleo -I../Middlewares/Third_Party/LoRaWAN/Utilities -I/LoRaWAN_End_Node/Middlewares/Third_Party/LoRaWAN/Utilities/lorawan_conf.h -Og -ffunction-sections -fdata-sections -Wall -fstack-usage -fcyclomatic-complexity -MMD -MP -MF"Middlewares/LoRaWAN/LoRaMacCrypto.d" -MT"Middlewares/LoRaWAN/LoRaMacCrypto.o" --specs=nano.specs -mfloat-abi=soft -mthumb -o "Middlewares/LoRaWAN/LoRaMacCrypto.o"
arm-none-eabi-gcc "C:/Users/tusg0/iiiii/LoRaWAN_End_Node/Middlewares/Third_Party/LoRaWAN/LmHandler/NvmDataMgmt.c" -mcpu=cortex-m4 -std=gnu11 -g3 -DDEBUG -DCORE_CM4 -DUSE_HAL_DRIVER -DSTM32WL55xx -c -I../../Core/Inc -I../../LoRaWAN/App -I../../LoRaWAN/Target -I../../Drivers/STM32WLxx_HAL_Driver/Inc -I../../Drivers/STM32WLxx_HAL_Driver/Inc/Legacy -I../../Utilities/trace/adv_trace -I../../Utilities/misc -I../../Utilities/sequencer -I../../Utilities/timer -I../../Utilities/lpm/tiny_lpm -I../../Middlewares/Third_Party/LoRaWAN/LmHandler/Packages -I../../Drivers/CMSIS/Device/ST/STM32WLxx/Include -I../../Middlewares/Third_Party/LoRaWAN/Crypto -I../../Middlewares/Third_Party/LoRaWAN/Mac/Region -I../../Middlewares/Third_Party/LoRaWAN/Mac -I../../Middlewares/Third_Party/LoRaWAN/LmHandler -I../../Middlewares/Third_Party/LoRaWAN/Utilities -I../../Middlewares/Third_Party/SubGHz_Phy -I../../Middlewares/Third_Party/SubGHz_Phy/stm32_radio_driver -I../../Drivers/CMSIS/Include -I../../Drivers/BSP/STM32WLxx_Nucleo -I../Middlewares/Third_Party/LoRaWAN/Utilities -I/LoRaWAN_End_Node/Middlewares/Third_Party/LoRaWAN/Utilities/lorawan_conf.h -Og -ffunction-sections -fdata-sections -Wall -fstack-usage -fcyclomatic-complexity -MMD -MP -MF"Middlewares/LoRaWAN/NvmDataMgmt.d" -MT"Middlewares/LoRaWAN/NvmDataMgmt.o" --specs=nano.specs -mfloat-abi=soft -mthumb -o "Middlewares/LoRaWAN/NvmDataMgmt.o"
arm-none-eabi-gcc "C:/Users/tusg0/iiiii/LoRaWAN_End_Node/Middlewares/Third_Party/LoRaWAN/Mac/Region/Region.c" -mcpu=cortex-m4 -std=gnu11 -g3 -DDEBUG -DCORE_CM4 -DUSE_HAL_DRIVER -DSTM32WL55xx -c -I../../Core/Inc -I../../LoRaWAN/App -I../../LoRaWAN/Target -I../../Drivers/STM32WLxx_HAL_Driver/Inc -I../../Drivers/STM32WLxx_HAL_Driver/Inc/Legacy -I../../Utilities/trace/adv_trace -I../../Utilities/misc -I../../Utilities/sequencer -I../../Utilities/timer -I../../Utilities/lpm/tiny_lpm -I../../Middlewares/Third_Party/LoRaWAN/LmHandler/Packages -I../../Drivers/CMSIS/Device/ST/STM32WLxx/Include -I../../Middlewares/Third_Party/LoRaWAN/Crypto -I../../Middlewares/Third_Party/LoRaWAN/Mac/Region -I../../Middlewares/Third_Party/LoRaWAN/Mac -I../../Middlewares/Third_Party/LoRaWAN/LmHandler -I../../Middlewares/Third_Party/LoRaWAN/Utilities -I../../Middlewares/Third_Party/SubGHz_Phy -I../../Middlewares/Third_Party/SubGHz_Phy/stm32_radio_driver -I../../Drivers/CMSIS/Include -I../../Drivers/BSP/STM32WLxx_Nucleo -I../Middlewares/Third_Party/LoRaWAN/Utilities -I/LoRaWAN_End_Node/Middlewares/Third_Party/LoRaWAN/Utilities/lorawan_conf.h -Og -ffunction-sections -fdata-sections -Wall -fstack-usage -fcyclomatic-complexity -MMD -MP -MF"Middlewares/LoRaWAN/Region.d" -MT"Middlewares/LoRaWAN/Region.o" --specs=nano.specs -mfloat-abi=soft -mthumb -o "Middlewares/LoRaWAN/Region.o"
arm-none-eabi-gcc "C:/Users/tusg0/iiiii/LoRaWAN_End_Node/Middlewares/Third_Party/LoRaWAN/Mac/Region/RegionAS923.c" -mcpu=cortex-m4 -std=gnu11 -g3 -DDEBUG -DCORE_CM4 -DUSE_HAL_DRIVER -DSTM32WL55xx -c -I../../Core/Inc -I../../LoRaWAN/App -I../../LoRaWAN/Target -I../../Drivers/STM32WLxx_HAL_Driver/Inc -I../../Drivers/STM32WLxx_HAL_Driver/Inc/Legacy -I../../Utilities/trace/adv_trace -I../../Utilities/misc -I../../Utilities/sequencer -I../../Utilities/timer -I../../Utilities/lpm/tiny_lpm -I../../Middlewares/Third_Party/LoRaWAN/LmHandler/Packages -I../../Drivers/CMSIS/Device/ST/STM32WLxx/Include -I../../Middlewares/Third_Party/LoRaWAN/Crypto -I../../Middlewares/Third_Party/LoRaWAN/Mac/Region -I../../Middlewares/Third_Party/LoRaWAN/Mac -I../../Middlewares/Third_Party/LoRaWAN/LmHandler -I../../Middlewares/Third_Party/LoRaWAN/Utilities -I../../Middlewares/Third_Party/SubGHz_Phy -I../../Middlewares/Third_Party/SubGHz_Phy/stm32_radio_driver -I../../Drivers/CMSIS/Include -I../../Drivers/BSP/STM32WLxx_Nucleo -I../Middlewares/Third_Party/LoRaWAN/Utilities -I/LoRaWAN_End_Node/Middlewares/Third_Party/LoRaWAN/Utilities/lorawan_conf.h -Og -ffunction-sections -fdata-sections -Wall -fstack-usage -fcyclomatic-complexity -MMD -MP -MF"Middlewares/LoRaWAN/RegionAS923.d" -MT"Middlewares/LoRaWAN/RegionAS923.o" --specs=nano.specs -mfloat-abi=soft -mthumb -o "Middlewares/LoRaWAN/RegionAS923.o"
arm-none-eabi-gcc "C:/Users/tusg0/iiiii/LoRaWAN_End_Node/Middlewares/Third_Party/LoRaWAN/Mac/Region/RegionAU915.c" -mcpu=cortex-m4 -std=gnu11 -g3 -DDEBUG -DCORE_CM4 -DUSE_HAL_DRIVER -DSTM32WL55xx -c -I../../Core/Inc -I../../LoRaWAN/App -I../../LoRaWAN/Target -I../../Drivers/STM32WLxx_HAL_Driver/Inc -I../../Drivers/STM32WLxx_HAL_Driver/Inc/Legacy -I../../Utilities/trace/adv_trace -I../../Utilities/misc -I../../Utilities/sequencer -I../../Utilities/timer -I../../Utilities/lpm/tiny_lpm -I../../Middlewares/Third_Party/LoRaWAN/LmHandler/Packages -I../../Drivers/CMSIS/Device/ST/STM32WLxx/Include -I../../Middlewares/Third_Party/LoRaWAN/Crypto -I../../Middlewares/Third_Party/LoRaWAN/Mac/Region -I../../Middlewares/Third_Party/LoRaWAN/Mac -I../../Middlewares/Third_Party/LoRaWAN/LmHandler -I../../Middlewares/Third_Party/LoRaWAN/Utilities -I../../Middlewares/Third_Party/SubGHz_Phy -I../../Middlewares/Third_Party/SubGHz_Phy/stm32_radio_driver -I../../Drivers/CMSIS/Include -I../../Drivers/BSP/STM32WLxx_Nucleo -I../Middlewares/Third_Party/LoRaWAN/Utilities -I/LoRaWAN_End_Node/Middlewares/Third_Party/LoRaWAN/Utilities/lorawan_conf.h -Og -ffunction-sections -fdata-sections -Wall -fstack-usage -fcyclomatic-complexity -MMD -MP -MF"Middlewares/LoRaWAN/RegionAU915.d" -MT"Middlewares/LoRaWAN/RegionAU915.o" --specs=nano.specs -mfloat-abi=soft -mthumb -o "Middlewares/LoRaWAN/RegionAU915.o"
arm-none-eabi-gcc "C:/Users/tusg0/iiiii/LoRaWAN_End_Node/Middlewares/Third_Party/LoRaWAN/Mac/Region/RegionBaseUS.c" -mcpu=cortex-m4 -std=gnu11 -g3 -DDEBUG -DCORE_CM4 -DUSE_HAL_DRIVER -DSTM32WL55xx -c -I../../Core/Inc -I../../LoRaWAN/App -I../../LoRaWAN/Target -I../../Drivers/STM32WLxx_HAL_Driver/Inc -I../../Drivers/STM32WLxx_HAL_Driver/Inc/Legacy -I../../Utilities/trace/adv_trace -I../../Utilities/misc -I../../Utilities/sequencer -I../../Utilities/timer -I../../Utilities/lpm/tiny_lpm -I../../Middlewares/Third_Party/LoRaWAN/LmHandler/Packages -I../../Drivers/CMSIS/Device/ST/STM32WLxx/Include -I../../Middlewares/Third_Party/LoRaWAN/Crypto -I../../Middlewares/Third_Party/LoRaWAN/Mac/Region -I../../Middlewares/Third_Party/LoRaWAN/Mac -I../../Middlewares/Third_Party/LoRaWAN/LmHandler -I../../Middlewares/Third_Party/LoRaWAN/Utilities -I../../Middlewares/Third_Party/SubGHz_Phy -I../../Middlewares/Third_Party/SubGHz_Phy/stm32_radio_driver -I../../Drivers/CMSIS/Include -I../../Drivers/BSP/STM32WLxx_Nucleo -I../Middlewares/Third_Party/LoRaWAN/Utilities -I/LoRaWAN_End_Node/Middlewares/Third_Party/LoRaWAN/Utilities/lorawan_conf.h -Og -ffunction-sections -fdata-sections -Wall -fstack-usage -fcyclomatic-complexity -MMD -MP -MF"Middlewares/LoRaWAN/RegionBaseUS.d" -MT"Middlewares/LoRaWAN/RegionBaseUS.o" --specs=nano.specs -mfloat-abi=soft -mthumb -o "Middlewares/LoRaWAN/RegionBaseUS.o"
arm-none-eabi-gcc "C:/Users/tusg0/iiiii/LoRaWAN_End_Node/Middlewares/Third_Party/LoRaWAN/Mac/Region/RegionCN470.c" -mcpu=cortex-m4 -std=gnu11 -g3 -DDEBUG -DCORE_CM4 -DUSE_HAL_DRIVER -DSTM32WL55xx -c -I../../Core/Inc -I../../LoRaWAN/App -I../../LoRaWAN/Target -I../../Drivers/STM32WLxx_HAL_Driver/Inc -I../../Drivers/STM32WLxx_HAL_Driver/Inc/Legacy -I../../Utilities/trace/adv_trace -I../../Utilities/misc -I../../Utilities/sequencer -I../../Utilities/timer -I../../Utilities/lpm/tiny_lpm -I../../Middlewares/Third_Party/LoRaWAN/LmHandler/Packages -I../../Drivers/CMSIS/Device/ST/STM32WLxx/Include -I../../Middlewares/Third_Party/LoRaWAN/Crypto -I../../Middlewares/Third_Party/LoRaWAN/Mac/Region -I../../Middlewares/Third_Party/LoRaWAN/Mac -I../../Middlewares/Third_Party/LoRaWAN/LmHandler -I../../Middlewares/Third_Party/LoRaWAN/Utilities -I../../Middlewares/Third_Party/SubGHz_Phy -I../../Middlewares/Third_Party/SubGHz_Phy/stm32_radio_driver -I../../Drivers/CMSIS/Include -I../../Drivers/BSP/STM32WLxx_Nucleo -I../Middlewares/Third_Party/LoRaWAN/Utilities -I/LoRaWAN_End_Node/Middlewares/Third_Party/LoRaWAN/Utilities/lorawan_conf.h -Og -ffunction-sections -fdata-sections -Wall -fstack-usage -fcyclomatic-complexity -MMD -MP -MF"Middlewares/LoRaWAN/RegionCN470.d" -MT"Middlewares/LoRaWAN/RegionCN470.o" --specs=nano.specs -mfloat-abi=soft -mthumb -o "Middlewares/LoRaWAN/RegionCN470.o"
arm-none-eabi-gcc "C:/Users/tusg0/iiiii/LoRaWAN_End_Node/Middlewares/Third_Party/LoRaWAN/Mac/Region/RegionCN470A20.c" -mcpu=cortex-m4 -std=gnu11 -g3 -DDEBUG -DCORE_CM4 -DUSE_HAL_DRIVER -DSTM32WL55xx -c -I../../Core/Inc -I../../LoRaWAN/App -I../../LoRaWAN/Target -I../../Drivers/STM32WLxx_HAL_Driver/Inc -I../../Drivers/STM32WLxx_HAL_Driver/Inc/Legacy -I../../Utilities/trace/adv_trace -I../../Utilities/misc -I../../Utilities/sequencer -I../../Utilities/timer -I../../Utilities/lpm/tiny_lpm -I../../Middlewares/Third_Party/LoRaWAN/LmHandler/Packages -I../../Drivers/CMSIS/Device/ST/STM32WLxx/Include -I../../Middlewares/Third_Party/LoRaWAN/Crypto -I../../Middlewares/Third_Party/LoRaWAN/Mac/Region -I../../Middlewares/Third_Party/LoRaWAN/Mac -I../../Middlewares/Third_Party/LoRaWAN/LmHandler -I../../Middlewares/Third_Party/LoRaWAN/Utilities -I../../Middlewares/Third_Party/SubGHz_Phy -I../../Middlewares/Third_Party/SubGHz_Phy/stm32_radio_driver -I../../Drivers/CMSIS/Include -I../../Drivers/BSP/STM32WLxx_Nucleo -I../Middlewares/Third_Party/LoRaWAN/Utilities -I/LoRaWAN_End_Node/Middlewares/Third_Party/LoRaWAN/Utilities/lorawan_conf.h -Og -ffunction-sections -fdata-sections -Wall -fstack-usage -fcyclomatic-complexity -MMD -MP -MF"Middlewares/LoRaWAN/RegionCN470A20.d" -MT"Middlewares/LoRaWAN/RegionCN470A20.o" --specs=nano.specs -mfloat-abi=soft -mthumb -o "Middlewares/LoRaWAN/RegionCN470A20.o"
arm-none-eabi-gcc "C:/Users/tusg0/iiiii/LoRaWAN_End_Node/Middlewares/Third_Party/LoRaWAN/Mac/Region/RegionCN470A26.c" -mcpu=cortex-m4 -std=gnu11 -g3 -DDEBUG -DCORE_CM4 -DUSE_HAL_DRIVER -DSTM32WL55xx -c -I../../Core/Inc -I../../LoRaWAN/App -I../../LoRaWAN/Target -I../../Drivers/STM32WLxx_HAL_Driver/Inc -I../../Drivers/STM32WLxx_HAL_Driver/Inc/Legacy -I../../Utilities/trace/adv_trace -I../../Utilities/misc -I../../Utilities/sequencer -I../../Utilities/timer -I../../Utilities/lpm/tiny_lpm -I../../Middlewares/Third_Party/LoRaWAN/LmHandler/Packages -I../../Drivers/CMSIS/Device/ST/STM32WLxx/Include -I../../Middlewares/Third_Party/LoRaWAN/Crypto -I../../Middlewares/Third_Party/LoRaWAN/Mac/Region -I../../Middlewares/Third_Party/LoRaWAN/Mac -I../../Middlewares/Third_Party/LoRaWAN/LmHandler -I../../Middlewares/Third_Party/LoRaWAN/Utilities -I../../Middlewares/Third_Party/SubGHz_Phy -I../../Middlewares/Third_Party/SubGHz_Phy/stm32_radio_driver -I../../Drivers/CMSIS/Include -I../../Drivers/BSP/STM32WLxx_Nucleo -I../Middlewares/Third_Party/LoRaWAN/Utilities -I/LoRaWAN_End_Node/Middlewares/Third_Party/LoRaWAN/Utilities/lorawan_conf.h -Og -ffunction-sections -fdata-sections -Wall -fstack-usage -fcyclomatic-complexity -MMD -MP -MF"Middlewares/LoRaWAN/RegionCN470A26.d" -MT"Middlewares/LoRaWAN/RegionCN470A26.o" --specs=nano.specs -mfloat-abi=soft -mthumb -o "Middlewares/LoRaWAN/RegionCN470A26.o"
arm-none-eabi-gcc "C:/Users/tusg0/iiiii/LoRaWAN_End_Node/Middlewares/Third_Party/LoRaWAN/Mac/Region/RegionCN470B20.c" -mcpu=cortex-m4 -std=gnu11 -g3 -DDEBUG -DCORE_CM4 -DUSE_HAL_DRIVER -DSTM32WL55xx -c -I../../Core/Inc -I../../LoRaWAN/App -I../../LoRaWAN/Target -I../../Drivers/STM32WLxx_HAL_Driver/Inc -I../../Drivers/STM32WLxx_HAL_Driver/Inc/Legacy -I../../Utilities/trace/adv_trace -I../../Utilities/misc -I../../Utilities/sequencer -I../../Utilities/timer -I../../Utilities/lpm/tiny_lpm -I../../Middlewares/Third_Party/LoRaWAN/LmHandler/Packages -I../../Drivers/CMSIS/Device/ST/STM32WLxx/Include -I../../Middlewares/Third_Party/LoRaWAN/Crypto -I../../Middlewares/Third_Party/LoRaWAN/Mac/Region -I../../Middlewares/Third_Party/LoRaWAN/Mac -I../../Middlewares/Third_Party/LoRaWAN/LmHandler -I../../Middlewares/Third_Party/LoRaWAN/Utilities -I../../Middlewares/Third_Party/SubGHz_Phy -I../../Middlewares/Third_Party/SubGHz_Phy/stm32_radio_driver -I../../Drivers/CMSIS/Include -I../../Drivers/BSP/STM32WLxx_Nucleo -I../Middlewares/Third_Party/LoRaWAN/Utilities -I/LoRaWAN_End_Node/Middlewares/Third_Party/LoRaWAN/Utilities/lorawan_conf.h -Og -ffunction-sections -fdata-sections -Wall -fstack-usage -fcyclomatic-complexity -MMD -MP -MF"Middlewares/LoRaWAN/RegionCN470B20.d" -MT"Middlewares/LoRaWAN/RegionCN470B20.o" --specs=nano.specs -mfloat-abi=soft -mthumb -o "Middlewares/LoRaWAN/RegionCN470B20.o"
arm-none-eabi-gcc "C:/Users/tusg0/iiiii/LoRaWAN_End_Node/Middlewares/Third_Party/LoRaWAN/Mac/Region/RegionCN470B26.c" -mcpu=cortex-m4 -std=gnu11 -g3 -DDEBUG -DCORE_CM4 -DUSE_HAL_DRIVER -DSTM32WL55xx -c -I../../Core/Inc -I../../LoRaWAN/App -I../../LoRaWAN/Target -I../../Drivers/STM32WLxx_HAL_Driver/Inc -I../../Drivers/STM32WLxx_HAL_Driver/Inc/Legacy -I../../Utilities/trace/adv_trace -I../../Utilities/misc -I../../Utilities/sequencer -I../../Utilities/timer -I../../Utilities/lpm/tiny_lpm -I../../Middlewares/Third_Party/LoRaWAN/LmHandler/Packages -I../../Drivers/CMSIS/Device/ST/STM32WLxx/Include -I../../Middlewares/Third_Party/LoRaWAN/Crypto -I../../Middlewares/Third_Party/LoRaWAN/Mac/Region -I../../Middlewares/Third_Party/LoRaWAN/Mac -I../../Middlewares/Third_Party/LoRaWAN/LmHandler -I../../Middlewares/Third_Party/LoRaWAN/Utilities -I../../Middlewares/Third_Party/SubGHz_Phy -I../../Middlewares/Third_Party/SubGHz_Phy/stm32_radio_driver -I../../Drivers/CMSIS/Include -I../../Drivers/BSP/STM32WLxx_Nucleo -I../Middlewares/Third_Party/LoRaWAN/Utilities -I/LoRaWAN_End_Node/Middlewares/Third_Party/LoRaWAN/Utilities/lorawan_conf.h -Og -ffunction-sections -fdata-sections -Wall -fstack-usage -fcyclomatic-complexity -MMD -MP -MF"Middlewares/LoRaWAN/RegionCN470B26.d" -MT"Middlewares/LoRaWAN/RegionCN470B26.o" --specs=nano.specs -mfloat-abi=soft -mthumb -o "Middlewares/LoRaWAN/RegionCN470B26.o"
arm-none-eabi-gcc "C:/Users/tusg0/iiiii/LoRaWAN_End_Node/Middlewares/Third_Party/LoRaWAN/Mac/Region/RegionCN779.c" -mcpu=cortex-m4 -std=gnu11 -g3 -DDEBUG -DCORE_CM4 -DUSE_HAL_DRIVER -DSTM32WL55xx -c -I../../Core/Inc -I../../LoRaWAN/App -I../../LoRaWAN/Target -I../../Drivers/STM32WLxx_HAL_Driver/Inc -I../../Drivers/STM32WLxx_HAL_Driver/Inc/Legacy -I../../Utilities/trace/adv_trace -I../../Utilities/misc -I../../Utilities/sequencer -I../../Utilities/timer -I../../Utilities/lpm/tiny_lpm -I../../Middlewares/Third_Party/LoRaWAN/LmHandler/Packages -I../../Drivers/CMSIS/Device/ST/STM32WLxx/Include -I../../Middlewares/Third_Party/LoRaWAN/Crypto -I../../Middlewares/Third_Party/LoRaWAN/Mac/Region -I../../Middlewares/Third_Party/LoRaWAN/Mac -I../../Middlewares/Third_Party/LoRaWAN/LmHandler -I../../Middlewares/Third_Party/LoRaWAN/Utilities -I../../Middlewares/Third_Party/SubGHz_Phy -I../../Middlewares/Third_Party/SubGHz_Phy/stm32_radio_driver -I../../Drivers/CMSIS/Include -I../../Drivers/BSP/STM32WLxx_Nucleo -I../Middlewares/Third_Party/LoRaWAN/Utilities -I/LoRaWAN_End_Node/Middlewares/Third_Party/LoRaWAN/Utilities/lorawan_conf.h -Og -ffunction-sections -fdata-sections -Wall -fstack-usage -fcyclomatic-complexity -MMD -MP -MF"Middlewares/LoRaWAN/RegionCN779.d" -MT"Middlewares/LoRaWAN/RegionCN779.o" --specs=nano.specs -mfloat-abi=soft -mthumb -o "Middlewares/LoRaWAN/RegionCN779.o"
arm-none-eabi-gcc "C:/Users/tusg0/iiiii/LoRaWAN_End_Node/Middlewares/Third_Party/LoRaWAN/Mac/Region/RegionCommon.c" -mcpu=cortex-m4 -std=gnu11 -g3 -DDEBUG -DCORE_CM4 -DUSE_HAL_DRIVER -DSTM32WL55xx -c -I../../Core/Inc -I../../LoRaWAN/App -I../../LoRaWAN/Target -I../../Drivers/STM32WLxx_HAL_Driver/Inc -I../../Drivers/STM32WLxx_HAL_Driver/Inc/Legacy -I../../Utilities/trace/adv_trace -I../../Utilities/misc -I../../Utilities/sequencer -I../../Utilities/timer -I../../Utilities/lpm/tiny_lpm -I../../Middlewares/Third_Party/LoRaWAN/LmHandler/Packages -I../../Drivers/CMSIS/Device/ST/STM32WLxx/Include -I../../Middlewares/Third_Party/LoRaWAN/Crypto -I../../Middlewares/Third_Party/LoRaWAN/Mac/Region -I../../Middlewares/Third_Party/LoRaWAN/Mac -I../../Middlewares/Third_Party/LoRaWAN/LmHandler -I../../Middlewares/Third_Party/LoRaWAN/Utilities -I../../Middlewares/Third_Party/SubGHz_Phy -I../../Middlewares/Third_Party/SubGHz_Phy/stm32_radio_driver -I../../Drivers/CMSIS/Include -I../../Drivers/BSP/STM32WLxx_Nucleo -I../Middlewares/Third_Party/LoRaWAN/Utilities -I/LoRaWAN_End_Node/Middlewares/Third_Party/LoRaWAN/Utilities/lorawan_conf.h -Og -ffunction-sections -fdata-sections -Wall -fstack-usage -fcyclomatic-complexity -MMD -MP -MF"Middlewares/LoRaWAN/RegionCommon.d" -MT"Middlewares/LoRaWAN/RegionCommon.o" --specs=nano.specs -mfloat-abi=soft -mthumb -o "Middlewares/LoRaWAN/RegionCommon.o"
arm-none-eabi-gcc "C:/Users/tusg0/iiiii/LoRaWAN_End_Node/Middlewares/Third_Party/LoRaWAN/Mac/Region/RegionEU433.c" -mcpu=cortex-m4 -std=gnu11 -g3 -DDEBUG -DCORE_CM4 -DUSE_HAL_DRIVER -DSTM32WL55xx -c -I../../Core/Inc -I../../LoRaWAN/App -I../../LoRaWAN/Target -I../../Drivers/STM32WLxx_HAL_Driver/Inc -I../../Drivers/STM32WLxx_HAL_Driver/Inc/Legacy -I../../Utilities/trace/adv_trace -I../../Utilities/misc -I../../Utilities/sequencer -I../../Utilities/timer -I../../Utilities/lpm/tiny_lpm -I../../Middlewares/Third_Party/LoRaWAN/LmHandler/Packages -I../../Drivers/CMSIS/Device/ST/STM32WLxx/Include -I../../Middlewares/Third_Party/LoRaWAN/Crypto -I../../Middlewares/Third_Party/LoRaWAN/Mac/Region -I../../Middlewares/Third_Party/LoRaWAN/Mac -I../../Middlewares/Third_Party/LoRaWAN/LmHandler -I../../Middlewares/Third_Party/LoRaWAN/Utilities -I../../Middlewares/Third_Party/SubGHz_Phy -I../../Middlewares/Third_Party/SubGHz_Phy/stm32_radio_driver -I../../Drivers/CMSIS/Include -I../../Drivers/BSP/STM32WLxx_Nucleo -I../Middlewares/Third_Party/LoRaWAN/Utilities -I/LoRaWAN_End_Node/Middlewares/Third_Party/LoRaWAN/Utilities/lorawan_conf.h -Og -ffunction-sections -fdata-sections -Wall -fstack-usage -fcyclomatic-complexity -MMD -MP -MF"Middlewares/LoRaWAN/RegionEU433.d" -MT"Middlewares/LoRaWAN/RegionEU433.o" --specs=nano.specs -mfloat-abi=soft -mthumb -o "Middlewares/LoRaWAN/RegionEU433.o"
arm-none-eabi-gcc "C:/Users/tusg0/iiiii/LoRaWAN_End_Node/Middlewares/Third_Party/LoRaWAN/Mac/Region/RegionEU868.c" -mcpu=cortex-m4 -std=gnu11 -g3 -DDEBUG -DCORE_CM4 -DUSE_HAL_DRIVER -DSTM32WL55xx -c -I../../Core/Inc -I../../LoRaWAN/App -I../../LoRaWAN/Target -I../../Drivers/STM32WLxx_HAL_Driver/Inc -I../../Drivers/STM32WLxx_HAL_Driver/Inc/Legacy -I../../Utilities/trace/adv_trace -I../../Utilities/misc -I../../Utilities/sequencer -I../../Utilities/timer -I../../Utilities/lpm/tiny_lpm -I../../Middlewares/Third_Party/LoRaWAN/LmHandler/Packages -I../../Drivers/CMSIS/Device/ST/STM32WLxx/Include -I../../Middlewares/Third_Party/LoRaWAN/Crypto -I../../Middlewares/Third_Party/LoRaWAN/Mac/Region -I../../Middlewares/Third_Party/LoRaWAN/Mac -I../../Middlewares/Third_Party/LoRaWAN/LmHandler -I../../Middlewares/Third_Party/LoRaWAN/Utilities -I../../Middlewares/Third_Party/SubGHz_Phy -I../../Middlewares/Third_Party/SubGHz_Phy/stm32_radio_driver -I../../Drivers/CMSIS/Include -I../../Drivers/BSP/STM32WLxx_Nucleo -I../Middlewares/Third_Party/LoRaWAN/Utilities -I/LoRaWAN_End_Node/Middlewares/Third_Party/LoRaWAN/Utilities/lorawan_conf.h -Og -ffunction-sections -fdata-sections -Wall -fstack-usage -fcyclomatic-complexity -MMD -MP -MF"Middlewares/LoRaWAN/RegionEU868.d" -MT"Middlewares/LoRaWAN/RegionEU868.o" --specs=nano.specs -mfloat-abi=soft -mthumb -o "Middlewares/LoRaWAN/RegionEU868.o"
arm-none-eabi-gcc "C:/Users/tusg0/iiiii/LoRaWAN_End_Node/Middlewares/Third_Party/LoRaWAN/Mac/Region/RegionIN865.c" -mcpu=cortex-m4 -std=gnu11 -g3 -DDEBUG -DCORE_CM4 -DUSE_HAL_DRIVER -DSTM32WL55xx -c -I../../Core/Inc -I../../LoRaWAN/App -I../../LoRaWAN/Target -I../../Drivers/STM32WLxx_HAL_Driver/Inc -I../../Drivers/STM32WLxx_HAL_Driver/Inc/Legacy -I../../Utilities/trace/adv_trace -I../../Utilities/misc -I../../Utilities/sequencer -I../../Utilities/timer -I../../Utilities/lpm/tiny_lpm -I../../Middlewares/Third_Party/LoRaWAN/LmHandler/Packages -I../../Drivers/CMSIS/Device/ST/STM32WLxx/Include -I../../Middlewares/Third_Party/LoRaWAN/Crypto -I../../Middlewares/Third_Party/LoRaWAN/Mac/Region -I../../Middlewares/Third_Party/LoRaWAN/Mac -I../../Middlewares/Third_Party/LoRaWAN/LmHandler -I../../Middlewares/Third_Party/LoRaWAN/Utilities -I../../Middlewares/Third_Party/SubGHz_Phy -I../../Middlewares/Third_Party/SubGHz_Phy/stm32_radio_driver -I../../Drivers/CMSIS/Include -I../../Drivers/BSP/STM32WLxx_Nucleo -I../Middlewares/Third_Party/LoRaWAN/Utilities -I/LoRaWAN_End_Node/Middlewares/Third_Party/LoRaWAN/Utilities/lorawan_conf.h -Og -ffunction-sections -fdata-sections -Wall -fstack-usage -fcyclomatic-complexity -MMD -MP -MF"Middlewares/LoRaWAN/RegionIN865.d" -MT"Middlewares/LoRaWAN/RegionIN865.o" --specs=nano.specs -mfloat-abi=soft -mthumb -o "Middlewares/LoRaWAN/RegionIN865.o"
arm-none-eabi-gcc "C:/Users/tusg0/iiiii/LoRaWAN_End_Node/Middlewares/Third_Party/LoRaWAN/Mac/Region/RegionKR920.c" -mcpu=cortex-m4 -std=gnu11 -g3 -DDEBUG -DCORE_CM4 -DUSE_HAL_DRIVER -DSTM32WL55xx -c -I../../Core/Inc -I../../LoRaWAN/App -I../../LoRaWAN/Target -I../../Drivers/STM32WLxx_HAL_Driver/Inc -I../../Drivers/STM32WLxx_HAL_Driver/Inc/Legacy -I../../Utilities/trace/adv_trace -I../../Utilities/misc -I../../Utilities/sequencer -I../../Utilities/timer -I../../Utilities/lpm/tiny_lpm -I../../Middlewares/Third_Party/LoRaWAN/LmHandler/Packages -I../../Drivers/CMSIS/Device/ST/STM32WLxx/Include -I../../Middlewares/Third_Party/LoRaWAN/Crypto -I../../Middlewares/Third_Party/LoRaWAN/Mac/Region -I../../Middlewares/Third_Party/LoRaWAN/Mac -I../../Middlewares/Third_Party/LoRaWAN/LmHandler -I../../Middlewares/Third_Party/LoRaWAN/Utilities -I../../Middlewares/Third_Party/SubGHz_Phy -I../../Middlewares/Third_Party/SubGHz_Phy/stm32_radio_driver -I../../Drivers/CMSIS/Include -I../../Drivers/BSP/STM32WLxx_Nucleo -I../Middlewares/Third_Party/LoRaWAN/Utilities -I/LoRaWAN_End_Node/Middlewares/Third_Party/LoRaWAN/Utilities/lorawan_conf.h -Og -ffunction-sections -fdata-sections -Wall -fstack-usage -fcyclomatic-complexity -MMD -MP -MF"Middlewares/LoRaWAN/RegionKR920.d" -MT"Middlewares/LoRaWAN/RegionKR920.o" --specs=nano.specs -mfloat-abi=soft -mthumb -o "Middlewares/LoRaWAN/RegionKR920.o"
arm-none-eabi-gcc "C:/Users/tusg0/iiiii/LoRaWAN_End_Node/Middlewares/Third_Party/LoRaWAN/Mac/Region/RegionRU864.c" -mcpu=cortex-m4 -std=gnu11 -g3 -DDEBUG -DCORE_CM4 -DUSE_HAL_DRIVER -DSTM32WL55xx -c -I../../Core/Inc -I../../LoRaWAN/App -I../../LoRaWAN/Target -I../../Drivers/STM32WLxx_HAL_Driver/Inc -I../../Drivers/STM32WLxx_HAL_Driver/Inc/Legacy -I../../Utilities/trace/adv_trace -I../../Utilities/misc -I../../Utilities/sequencer -I../../Utilities/timer -I../../Utilities/lpm/tiny_lpm -I../../Middlewares/Third_Party/LoRaWAN/LmHandler/Packages -I../../Drivers/CMSIS/Device/ST/STM32WLxx/Include -I../../Middlewares/Third_Party/LoRaWAN/Crypto -I../../Middlewares/Third_Party/LoRaWAN/Mac/Region -I../../Middlewares/Third_Party/LoRaWAN/Mac -I../../Middlewares/Third_Party/LoRaWAN/LmHandler -I../../Middlewares/Third_Party/LoRaWAN/Utilities -I../../Middlewares/Third_Party/SubGHz_Phy -I../../Middlewares/Third_Party/SubGHz_Phy/stm32_radio_driver -I../../Drivers/CMSIS/Include -I../../Drivers/BSP/STM32WLxx_Nucleo -I../Middlewares/Third_Party/LoRaWAN/Utilities -I/LoRaWAN_End_Node/Middlewares/Third_Party/LoRaWAN/Utilities/lorawan_conf.h -Og -ffunction-sections -fdata-sections -Wall -fstack-usage -fcyclomatic-complexity -MMD -MP -MF"Middlewares/LoRaWAN/RegionRU864.d" -MT"Middlewares/LoRaWAN/RegionRU864.o" --specs=nano.specs -mfloat-abi=soft -mthumb -o "Middlewares/LoRaWAN/RegionRU864.o"
arm-none-eabi-gcc "C:/Users/tusg0/iiiii/LoRaWAN_End_Node/Middlewares/Third_Party/LoRaWAN/Mac/Region/RegionUS915.c" -mcpu=cortex-m4 -std=gnu11 -g3 -DDEBUG -DCORE_CM4 -DUSE_HAL_DRIVER -DSTM32WL55xx -c -I../../Core/Inc -I../../LoRaWAN/App -I../../LoRaWAN/Target -I../../Drivers/STM32WLxx_HAL_Driver/Inc -I../../Drivers/STM32WLxx_HAL_Driver/Inc/Legacy -I../../Utilities/trace/adv_trace -I../../Utilities/misc -I../../Utilities/sequencer -I../../Utilities/timer -I../../Utilities/lpm/tiny_lpm -I../../Middlewares/Third_Party/LoRaWAN/LmHandler/Packages -I../../Drivers/CMSIS/Device/ST/STM32WLxx/Include -I../../Middlewares/Third_Party/LoRaWAN/Crypto -I../../Middlewares/Third_Party/LoRaWAN/Mac/Region -I../../Middlewares/Third_Party/LoRaWAN/Mac -I../../Middlewares/Third_Party/LoRaWAN/LmHandler -I../../Middlewares/Third_Party/LoRaWAN/Utilities -I../../Middlewares/Third_Party/SubGHz_Phy -I../../Middlewares/Third_Party/SubGHz_Phy/stm32_radio_driver -I../../Drivers/CMSIS/Include -I../../Drivers/BSP/STM32WLxx_Nucleo -I../Middlewares/Third_Party/LoRaWAN/Utilities -I/LoRaWAN_End_Node/Middlewares/Third_Party/LoRaWAN/Utilities/lorawan_conf.h -Og -ffunction-sections -fdata-sections -Wall -fstack-usage -fcyclomatic-complexity -MMD -MP -MF"Middlewares/LoRaWAN/RegionUS915.d" -MT"Middlewares/LoRaWAN/RegionUS915.o" --specs=nano.specs -mfloat-abi=soft -mthumb -o "Middlewares/LoRaWAN/RegionUS915.o"
arm-none-eabi-gcc "C:/Users/tusg0/iiiii/LoRaWAN_End_Node/Middlewares/Third_Party/LoRaWAN/Crypto/soft-se.c" -mcpu=cortex-m4 -std=gnu11 -g3 -DDEBUG -DCORE_CM4 -DUSE_HAL_DRIVER -DSTM32WL55xx -c -I../../Core/Inc -I../../LoRaWAN/App -I../../LoRaWAN/Target -I../../Drivers/STM32WLxx_HAL_Driver/Inc -I../../Drivers/STM32WLxx_HAL_Driver/Inc/Legacy -I../../Utilities/trace/adv_trace -I../../Utilities/misc -I../../Utilities/sequencer -I../../Utilities/timer -I../../Utilities/lpm/tiny_lpm -I../../Middlewares/Third_Party/LoRaWAN/LmHandler/Packages -I../../Drivers/CMSIS/Device/ST/STM32WLxx/Include -I../../Middlewares/Third_Party/LoRaWAN/Crypto -I../../Middlewares/Third_Party/LoRaWAN/Mac/Region -I../../Middlewares/Third_Party/LoRaWAN/Mac -I../../Middlewares/Third_Party/LoRaWAN/LmHandler -I../../Middlewares/Third_Party/LoRaWAN/Utilities -I../../Middlewares/Third_Party/SubGHz_Phy -I../../Middlewares/Third_Party/SubGHz_Phy/stm32_radio_driver -I../../Drivers/CMSIS/Include -I../../Drivers/BSP/STM32WLxx_Nucleo -I../Middlewares/Third_Party/LoRaWAN/Utilities -I/LoRaWAN_End_Node/Middlewares/Third_Party/LoRaWAN/Utilities/lorawan_conf.h -Og -ffunction-sections -fdata-sections -Wall -fstack-usage -fcyclomatic-complexity -MMD -MP -MF"Middlewares/LoRaWAN/soft-se.d" -MT"Middlewares/LoRaWAN/soft-se.o" --specs=nano.specs -mfloat-abi=soft -mthumb -o "Middlewares/LoRaWAN/soft-se.o"
arm-none-eabi-gcc "C:/Users/tusg0/iiiii/LoRaWAN_End_Node/LoRaWAN/App/lora_app.c" -mcpu=cortex-m4 -std=gnu11 -g3 -DDEBUG -DCORE_CM4 -DUSE_HAL_DRIVER -DSTM32WL55xx -c -I../../Core/Inc -I../../LoRaWAN/App -I../../LoRaWAN/Target -I../../Drivers/STM32WLxx_HAL_Driver/Inc -I../../Drivers/STM32WLxx_HAL_Driver/Inc/Legacy -I../../Utilities/trace/adv_trace -I../../Utilities/misc -I../../Utilities/sequencer -I../../Utilities/timer -I../../Utilities/lpm/tiny_lpm -I../../Middlewares/Third_Party/LoRaWAN/LmHandler/Packages -I../../Drivers/CMSIS/Device/ST/STM32WLxx/Include -I../../Middlewares/Third_Party/LoRaWAN/Crypto -I../../Middlewares/Third_Party/LoRaWAN/Mac/Region -I../../Middlewares/Third_Party/LoRaWAN/Mac -I../../Middlewares/Third_Party/LoRaWAN/LmHandler -I../../Middlewares/Third_Party/LoRaWAN/Utilities -I../../Middlewares/Third_Party/SubGHz_Phy -I../../Middlewares/Third_Party/SubGHz_Phy/stm32_radio_driver -I../../Drivers/CMSIS/Include -I../../Drivers/BSP/STM32WLxx_Nucleo -I../Middlewares/Third_Party/LoRaWAN/Utilities -I/LoRaWAN_End_Node/Middlewares/Third_Party/LoRaWAN/Utilities/lorawan_conf.h -Og -ffunction-sections -fdata-sections -Wall -fstack-usage -fcyclomatic-complexity -MMD -MP -MF"Application/User/LoRaWAN/App/lora_app.d" -MT"Application/User/LoRaWAN/App/lora_app.o" --specs=nano.specs -mfloat-abi=soft -mthumb -o "Application/User/LoRaWAN/App/lora_app.o"
arm-none-eabi-gcc "C:/Users/tusg0/iiiii/LoRaWAN_End_Node/LoRaWAN/App/lora_info.c" -mcpu=cortex-m4 -std=gnu11 -g3 -DDEBUG -DCORE_CM4 -DUSE_HAL_DRIVER -DSTM32WL55xx -c -I../../Core/Inc -I../../LoRaWAN/App -I../../LoRaWAN/Target -I../../Drivers/STM32WLxx_HAL_Driver/Inc -I../../Drivers/STM32WLxx_HAL_Driver/Inc/Legacy -I../../Utilities/trace/adv_trace -I../../Utilities/misc -I../../Utilities/sequencer -I../../Utilities/timer -I../../Utilities/lpm/tiny_lpm -I../../Middlewares/Third_Party/LoRaWAN/LmHandler/Packages -I../../Drivers/CMSIS/Device/ST/STM32WLxx/Include -I../../Middlewares/Third_Party/LoRaWAN/Crypto -I../../Middlewares/Third_Party/LoRaWAN/Mac/Region -I../../Middlewares/Third_Party/LoRaWAN/Mac -I../../Middlewares/Third_Party/LoRaWAN/LmHandler -I../../Middlewares/Third_Party/LoRaWAN/Utilities -I../../Middlewares/Third_Party/SubGHz_Phy -I../../Middlewares/Third_Party/SubGHz_Phy/stm32_radio_driver -I../../Drivers/CMSIS/Include -I../../Drivers/BSP/STM32WLxx_Nucleo -I../Middlewares/Third_Party/LoRaWAN/Utilities -I/LoRaWAN_End_Node/Middlewares/Third_Party/LoRaWAN/Utilities/lorawan_conf.h -Og -ffunction-sections -fdata-sections -Wall -fstack-usage -fcyclomatic-complexity -MMD -MP -MF"Application/User/LoRaWAN/App/lora_info.d" -MT"Application/User/LoRaWAN/App/lora_info.o" --specs=nano.specs -mfloat-abi=soft -mthumb -o "Application/User/LoRaWAN/App/lora_info.o"
arm-none-eabi-gcc -o "LoRaWAN_End_Node.elf" @"objects.list"   -mcpu=cortex-m4 -T"C:\Users\tusg0\iiiii\LoRaWAN_End_Node\STM32CubeIDE\STM32WL55JCIX_FLASH.ld" --specs=nosys.specs -Wl,-Map="LoRaWAN_End_Node.map" -Wl,--gc-sections -static --specs=nano.specs -mfloat-abi=soft -mthumb -Wl,--start-group -lc -lm -Wl,--end-group
C:/ST/STM32CubeIDE_1.18.0/STM32CubeIDE/plugins/com.st.stm32cube.ide.mcu.externaltools.gnu-tools-for-stm32.13.3.rel1.win32_1.0.0.202411081344/tools/bin/../lib/gcc/arm-none-eabi/13.3.1/../../../../arm-none-eabi/bin/ld.exe: warning: LoRaWAN_End_Node.elf has a LOAD segment with RWX permissions
Finished building target: LoRaWAN_End_Node.elf
 
arm-none-eabi-size  LoRaWAN_End_Node.elf 
arm-none-eabi-objdump -h -S LoRaWAN_End_Node.elf  > "LoRaWAN_End_Node.list"
   text	   data	    bss	    dec	    hex	filename
  79056	    376	  11304	  90736	  16270	LoRaWAN_End_Node.elf
Finished building: default.size.stdout
 
Finished building: LoRaWAN_End_Node.list
 
02:45:02 **** Incremental Build of configuration Debug for project LoRaWAN_End_Node ****
make -j12 all 
arm-none-eabi-size  LoRaWAN_End_Node.elf 
   text	   data	    bss	    dec	    hex	filename
  79056	    376	  11304	  90736	  16270	LoRaWAN_End_Node.elf
Finished building: default.size.stdout
 
02:45:30 **** Clean-only build of configuration Debug for project LoRaWAN_End_Node ****
make -j12 clean 
rm -rf ./Utilities/stm32_adv_trace.cyclo ./Utilities/stm32_adv_trace.d ./Utilities/stm32_adv_trace.o ./Utilities/stm32_adv_trace.su ./Utilities/stm32_lpm.cyclo ./Utilities/stm32_lpm.d ./Utilities/stm32_lpm.o ./Utilities/stm32_lpm.su ./Utilities/stm32_mem.cyclo ./Utilities/stm32_mem.d ./Utilities/stm32_mem.o ./Utilities/stm32_mem.su ./Utilities/stm32_seq.cyclo ./Utilities/stm32_seq.d ./Utilities/stm32_seq.o ./Utilities/stm32_seq.su ./Utilities/stm32_systime.cyclo ./Utilities/stm32_systime.d ./Utilities/stm32_systime.o ./Utilities/stm32_systime.su ./Utilities/stm32_timer.cyclo ./Utilities/stm32_timer.d ./Utilities/stm32_timer.o ./Utilities/stm32_timer.su ./Utilities/stm32_tiny_sscanf.cyclo ./Utilities/stm32_tiny_sscanf.d ./Utilities/stm32_tiny_sscanf.o ./Utilities/stm32_tiny_sscanf.su ./Utilities/stm32_tiny_vsnprintf.cyclo ./Utilities/stm32_tiny_vsnprintf.d ./Utilities/stm32_tiny_vsnprintf.o ./Utilities/stm32_tiny_vsnprintf.su
rm -rf ./Middlewares/SubGHz_Phy/radio.cyclo ./Middlewares/SubGHz_Phy/radio.d ./Middlewares/SubGHz_Phy/radio.o ./Middlewares/SubGHz_Phy/radio.su ./Middlewares/SubGHz_Phy/radio_driver.cyclo ./Middlewares/SubGHz_Phy/radio_driver.d ./Middlewares/SubGHz_Phy/radio_driver.o ./Middlewares/SubGHz_Phy/radio_driver.su ./Middlewares/SubGHz_Phy/radio_fw.cyclo ./Middlewares/SubGHz_Phy/radio_fw.d ./Middlewares/SubGHz_Phy/radio_fw.o ./Middlewares/SubGHz_Phy/radio_fw.su
rm -rf ./Middlewares/LoRaWAN/LmHandler.cyclo ./Middlewares/LoRaWAN/LmHandler.d ./Middlewares/LoRaWAN/LmHandler.o ./Middlewares/LoRaWAN/LmHandler.su ./Middlewares/LoRaWAN/LmhpCompliance.cyclo ./Middlewares/LoRaWAN/LmhpCompliance.d ./Middlewares/LoRaWAN/LmhpCompliance.o ./Middlewares/LoRaWAN/LmhpCompliance.su ./Middlewares/LoRaWAN/LmhpPackagesRegistration.cyclo ./Middlewares/LoRaWAN/LmhpPackagesRegistration.d ./Middlewares/LoRaWAN/LmhpPackagesRegistration.o ./Middlewares/LoRaWAN/LmhpPackagesRegistration.su ./Middlewares/LoRaWAN/LoRaMac.cyclo ./Middlewares/LoRaWAN/LoRaMac.d ./Middlewares/LoRaWAN/LoRaMac.o ./Middlewares/LoRaWAN/LoRaMac.su ./Middlewares/LoRaWAN/LoRaMacAdr.cyclo ./Middlewares/LoRaWAN/LoRaMacAdr.d ./Middlewares/LoRaWAN/LoRaMacAdr.o ./Middlewares/LoRaWAN/LoRaMacAdr.su ./Middlewares/LoRaWAN/LoRaMacClassB.cyclo ./Middlewares/LoRaWAN/LoRaMacClassB.d ./Middlewares/LoRaWAN/LoRaMacClassB.o ./Middlewares/LoRaWAN/LoRaMacClassB.su ./Middlewares/LoRaWAN/LoRaMacCommands.cyclo ./Middlewares/LoRaWAN/LoRaMacCommands.d ./Middlewares/LoRaWAN/LoRaMacCommands.o ./Middlewares/LoRaWAN/LoRaMacCommands.su ./Middlewares/LoRaWAN/LoRaMacConfirmQueue.cyclo ./Middlewares/LoRaWAN/LoRaMacConfirmQueue.d ./Middlewares/LoRaWAN/LoRaMacConfirmQueue.o ./Middlewares/LoRaWAN/LoRaMacConfirmQueue.su ./Middlewares/LoRaWAN/LoRaMacCrypto.cyclo ./Middlewares/LoRaWAN/LoRaMacCrypto.d ./Middlewares/LoRaWAN/LoRaMacCrypto.o ./Middlewares/LoRaWAN/LoRaMacCrypto.su ./Middlewares/LoRaWAN/LoRaMacParser.cyclo ./Middlewares/LoRaWAN/LoRaMacParser.d ./Middlewares/LoRaWAN/LoRaMacParser.o ./Middlewares/LoRaWAN/LoRaMacParser.su ./Middlewares/LoRaWAN/LoRaMacSerializer.cyclo ./Middlewares/LoRaWAN/LoRaMacSerializer.d ./Middlewares/LoRaWAN/LoRaMacSerializer.o ./Middlewares/LoRaWAN/LoRaMacSerializer.su ./Middlewares/LoRaWAN/NvmDataMgmt.cyclo ./Middlewares/LoRaWAN/NvmDataMgmt.d ./Middlewares/LoRaWAN/NvmDataMgmt.o ./Middlewares/LoRaWAN/NvmDataMgmt.su ./Middlewares/LoRaWAN/Region.cyclo ./Middlewares/LoRaWAN/Region.d ./Middlewares/LoRaWAN/Region.o ./Middlewares/LoRaWAN/Region.su ./Middlewares/LoRaWAN/RegionAS923.cyclo ./Middlewares/LoRaWAN/RegionAS923.d ./Middlewares/LoRaWAN/RegionAS923.o ./Middlewares/LoRaWAN/RegionAS923.su ./Middlewares/LoRaWAN/RegionAU915.cyclo ./Middlewares/LoRaWAN/RegionAU915.d ./Middlewares/LoRaWAN/RegionAU915.o ./Middlewares/LoRaWAN/RegionAU915.su ./Middlewares/LoRaWAN/RegionBaseUS.cyclo ./Middlewares/LoRaWAN/RegionBaseUS.d ./Middlewares/LoRaWAN/RegionBaseUS.o ./Middlewares/LoRaWAN/RegionBaseUS.su ./Middlewares/LoRaWAN/RegionCN470.cyclo ./Middlewares/LoRaWAN/RegionCN470.d ./Middlewares/LoRaWAN/RegionCN470.o ./Middlewares/LoRaWAN/RegionCN470.su ./Middlewares/LoRaWAN/RegionCN470A20.cyclo ./Middlewares/LoRaWAN/RegionCN470A20.d ./Middlewares/LoRaWAN/RegionCN470A20.o ./Middlewares/LoRaWAN/RegionCN470A20.su ./Middlewares/LoRaWAN/RegionCN470A26.cyclo ./Middlewares/LoRaWAN/RegionCN470A26.d ./Middlewares/LoRaWAN/RegionCN470A26.o ./Middlewares/LoRaWAN/RegionCN470A26.su ./Middlewares/LoRaWAN/RegionCN470B20.cyclo ./Middlewares/LoRaWAN/RegionCN470B20.d ./Middlewares/LoRaWAN/RegionCN470B20.o ./Middlewares/LoRaWAN/RegionCN470B20.su ./Middlewares/LoRaWAN/RegionCN470B26.cyclo ./Middlewares/LoRaWAN/RegionCN470B26.d ./Middlewares/LoRaWAN/RegionCN470B26.o ./Middlewares/LoRaWAN/RegionCN470B26.su ./Middlewares/LoRaWAN/RegionCN779.cyclo ./Middlewares/LoRaWAN/RegionCN779.d ./Middlewares/LoRaWAN/RegionCN779.o ./Middlewares/LoRaWAN/RegionCN779.su ./Middlewares/LoRaWAN/RegionCommon.cyclo ./Middlewares/LoRaWAN/RegionCommon.d ./Middlewares/LoRaWAN/RegionCommon.o ./Middlewares/LoRaWAN/RegionCommon.su ./Middlewares/LoRaWAN/RegionEU433.cyclo ./Middlewares/LoRaWAN/RegionEU433.d ./Middlewares/LoRaWAN/RegionEU433.o ./Middlewares/LoRaWAN/RegionEU433.su ./Middlewares/LoRaWAN/RegionEU868.cyclo ./Middlewares/LoRaWAN/RegionEU868.d ./Middlewares/LoRaWAN/RegionEU868.o ./Middlewares/LoRaWAN/RegionEU868.su ./Middlewares/LoRaWAN/RegionIN865.cyclo ./Middlewares/LoRaWAN/RegionIN865.d ./Middlewares/LoRaWAN/RegionIN865.o ./Middlewares/LoRaWAN/RegionIN865.su ./Middlewares/LoRaWAN/RegionKR920.cyclo ./Middlewares/LoRaWAN/RegionKR920.d ./Middlewares/LoRaWAN/RegionKR920.o ./Middlewares/LoRaWAN/RegionKR920.su ./Middlewares/LoRaWAN/RegionRU864.cyclo ./Middlewares/LoRaWAN/RegionRU864.d ./Middlewares/LoRaWAN/RegionRU864.o ./Middlewares/LoRaWAN/RegionRU864.su ./Middlewares/LoRaWAN/RegionUS915.cyclo ./Middlewares/LoRaWAN/RegionUS915.d ./Middlewares/LoRaWAN/RegionUS915.o ./Middlewares/LoRaWAN/RegionUS915.su ./Middlewares/LoRaWAN/cmac.cyclo ./Middlewares/LoRaWAN/cmac.d ./Middlewares/LoRaWAN/cmac.o ./Middlewares/LoRaWAN/cmac.su ./Middlewares/LoRaWAN/lorawan_aes.cyclo ./Middlewares/LoRaWAN/lorawan_aes.d ./Middlewares/LoRaWAN/lorawan_aes.o ./Middlewares/LoRaWAN/lorawan_aes.su ./Middlewares/LoRaWAN/soft-se.cyclo ./Middlewares/LoRaWAN/soft-se.d ./Middlewares/LoRaWAN/soft-se.o ./Middlewares/LoRaWAN/soft-se.su ./Middlewares/LoRaWAN/utilities.cyclo ./Middlewares/LoRaWAN/utilities.d ./Middlewares/LoRaWAN/utilities.o ./Middlewares/LoRaWAN/utilities.su
rm -rf ./Drivers/STM32WLxx_HAL_Driver/stm32wlxx_hal.cyclo ./Drivers/STM32WLxx_HAL_Driver/stm32wlxx_hal.d ./Drivers/STM32WLxx_HAL_Driver/stm32wlxx_hal.o ./Drivers/STM32WLxx_HAL_Driver/stm32wlxx_hal.su ./Drivers/STM32WLxx_HAL_Driver/stm32wlxx_hal_adc.cyclo ./Drivers/STM32WLxx_HAL_Driver/stm32wlxx_hal_adc.d ./Drivers/STM32WLxx_HAL_Driver/stm32wlxx_hal_adc.o ./Drivers/STM32WLxx_HAL_Driver/stm32wlxx_hal_adc.su ./Drivers/STM32WLxx_HAL_Driver/stm32wlxx_hal_adc_ex.cyclo ./Drivers/STM32WLxx_HAL_Driver/stm32wlxx_hal_adc_ex.d ./Drivers/STM32WLxx_HAL_Driver/stm32wlxx_hal_adc_ex.o ./Drivers/STM32WLxx_HAL_Driver/stm32wlxx_hal_adc_ex.su ./Drivers/STM32WLxx_HAL_Driver/stm32wlxx_hal_cortex.cyclo ./Drivers/STM32WLxx_HAL_Driver/stm32wlxx_hal_cortex.d ./Drivers/STM32WLxx_HAL_Driver/stm32wlxx_hal_cortex.o ./Drivers/STM32WLxx_HAL_Driver/stm32wlxx_hal_cortex.su ./Drivers/STM32WLxx_HAL_Driver/stm32wlxx_hal_dma.cyclo ./Drivers/STM32WLxx_HAL_Driver/stm32wlxx_hal_dma.d ./Drivers/STM32WLxx_HAL_Driver/stm32wlxx_hal_dma.o ./Drivers/STM32WLxx_HAL_Driver/stm32wlxx_hal_dma.su ./Drivers/STM32WLxx_HAL_Driver/stm32wlxx_hal_dma_ex.cyclo ./Drivers/STM32WLxx_HAL_Driver/stm32wlxx_hal_dma_ex.d ./Drivers/STM32WLxx_HAL_Driver/stm32wlxx_hal_dma_ex.o ./Drivers/STM32WLxx_HAL_Driver/stm32wlxx_hal_dma_ex.su ./Drivers/STM32WLxx_HAL_Driver/stm32wlxx_hal_exti.cyclo ./Drivers/STM32WLxx_HAL_Driver/stm32wlxx_hal_exti.d ./Drivers/STM32WLxx_HAL_Driver/stm32wlxx_hal_exti.o ./Drivers/STM32WLxx_HAL_Driver/stm32wlxx_hal_exti.su ./Drivers/STM32WLxx_HAL_Driver/stm32wlxx_hal_flash.cyclo ./Drivers/STM32WLxx_HAL_Driver/stm32wlxx_hal_flash.d ./Drivers/STM32WLxx_HAL_Driver/stm32wlxx_hal_flash.o ./Drivers/STM32WLxx_HAL_Driver/stm32wlxx_hal_flash.su ./Drivers/STM32WLxx_HAL_Driver/stm32wlxx_hal_flash_ex.cyclo ./Drivers/STM32WLxx_HAL_Driver/stm32wlxx_hal_flash_ex.d ./Drivers/STM32WLxx_HAL_Driver/stm32wlxx_hal_flash_ex.o ./Drivers/STM32WLxx_HAL_Driver/stm32wlxx_hal_flash_ex.su ./Drivers/STM32WLxx_HAL_Driver/stm32wlxx_hal_gpio.cyclo ./Drivers/STM32WLxx_HAL_Driver/stm32wlxx_hal_gpio.d ./Drivers/STM32WLxx_HAL_Driver/stm32wlxx_hal_gpio.o ./Drivers/STM32WLxx_HAL_Driver/stm32wlxx_hal_gpio.su ./Drivers/STM32WLxx_HAL_Driver/stm32wlxx_hal_pwr.cyclo ./Drivers/STM32WLxx_HAL_Driver/stm32wlxx_hal_pwr.d ./Drivers/STM32WLxx_HAL_Driver/stm32wlxx_hal_pwr.o ./Drivers/STM32WLxx_HAL_Driver/stm32wlxx_hal_pwr.su ./Drivers/STM32WLxx_HAL_Driver/stm32wlxx_hal_pwr_ex.cyclo ./Drivers/STM32WLxx_HAL_Driver/stm32wlxx_hal_pwr_ex.d ./Drivers/STM32WLxx_HAL_Driver/stm32wlxx_hal_pwr_ex.o ./Drivers/STM32WLxx_HAL_Driver/stm32wlxx_hal_pwr_ex.su ./Drivers/STM32WLxx_HAL_Driver/stm32wlxx_hal_rcc.cyclo ./Drivers/STM32WLxx_HAL_Driver/stm32wlxx_hal_rcc.d ./Drivers/STM32WLxx_HAL_Driver/stm32wlxx_hal_rcc.o ./Drivers/STM32WLxx_HAL_Driver/stm32wlxx_hal_rcc.su ./Drivers/STM32WLxx_HAL_Driver/stm32wlxx_hal_rcc_ex.cyclo ./Drivers/STM32WLxx_HAL_Driver/stm32wlxx_hal_rcc_ex.d ./Drivers/STM32WLxx_HAL_Driver/stm32wlxx_hal_rcc_ex.o ./Drivers/STM32WLxx_HAL_Driver/stm32wlxx_hal_rcc_ex.su ./Drivers/STM32WLxx_HAL_Driver/stm32wlxx_hal_rtc.cyclo ./Drivers/STM32WLxx_HAL_Driver/stm32wlxx_hal_rtc.d ./Drivers/STM32WLxx_HAL_Driver/stm32wlxx_hal_rtc.o ./Drivers/STM32WLxx_HAL_Driver/stm32wlxx_hal_rtc.su ./Drivers/STM32WLxx_HAL_Driver/stm32wlxx_hal_rtc_ex.cyclo ./Drivers/STM32WLxx_HAL_Driver/stm32wlxx_hal_rtc_ex.d ./Drivers/STM32WLxx_HAL_Driver/stm32wlxx_hal_rtc_ex.o ./Drivers/STM32WLxx_HAL_Driver/stm32wlxx_hal_rtc_ex.su ./Drivers/STM32WLxx_HAL_Driver/stm32wlxx_hal_subghz.cyclo ./Drivers/STM32WLxx_HAL_Driver/stm32wlxx_hal_subghz.d ./Drivers/STM32WLxx_HAL_Driver/stm32wlxx_hal_subghz.o ./Drivers/STM32WLxx_HAL_Driver/stm32wlxx_hal_subghz.su ./Drivers/STM32WLxx_HAL_Driver/stm32wlxx_hal_uart.cyclo ./Drivers/STM32WLxx_HAL_Driver/stm32wlxx_hal_uart.d ./Drivers/STM32WLxx_HAL_Driver/stm32wlxx_hal_uart.o ./Drivers/STM32WLxx_HAL_Driver/stm32wlxx_hal_uart.su ./Drivers/STM32WLxx_HAL_Driver/stm32wlxx_hal_uart_ex.cyclo ./Drivers/STM32WLxx_HAL_Driver/stm32wlxx_hal_uart_ex.d ./Drivers/STM32WLxx_HAL_Driver/stm32wlxx_hal_uart_ex.o ./Drivers/STM32WLxx_HAL_Driver/stm32wlxx_hal_uart_ex.su ./Drivers/STM32WLxx_HAL_Driver/stm32wlxx_ll_adc.cyclo ./Drivers/STM32WLxx_HAL_Driver/stm32wlxx_ll_adc.d ./Drivers/STM32WLxx_HAL_Driver/stm32wlxx_ll_adc.o ./Drivers/STM32WLxx_HAL_Driver/stm32wlxx_ll_adc.su
rm -rf ./Drivers/CMSIS/system_stm32wlxx.cyclo ./Drivers/CMSIS/system_stm32wlxx.d ./Drivers/CMSIS/system_stm32wlxx.o ./Drivers/CMSIS/system_stm32wlxx.su
rm -rf ./Drivers/BSP/STM32WLxx_Nucleo/stm32wlxx_nucleo.cyclo ./Drivers/BSP/STM32WLxx_Nucleo/stm32wlxx_nucleo.d ./Drivers/BSP/STM32WLxx_Nucleo/stm32wlxx_nucleo.o ./Drivers/BSP/STM32WLxx_Nucleo/stm32wlxx_nucleo.su ./Drivers/BSP/STM32WLxx_Nucleo/stm32wlxx_nucleo_radio.cyclo ./Drivers/BSP/STM32WLxx_Nucleo/stm32wlxx_nucleo_radio.d ./Drivers/BSP/STM32WLxx_Nucleo/stm32wlxx_nucleo_radio.o ./Drivers/BSP/STM32WLxx_Nucleo/stm32wlxx_nucleo_radio.su
rm -rf ./Application/User/Startup/startup_stm32wl55jcix.d ./Application/User/Startup/startup_stm32wl55jcix.o
rm -rf ./Application/User/LoRaWAN/Target/radio_board_if.cyclo ./Application/User/LoRaWAN/Target/radio_board_if.d ./Application/User/LoRaWAN/Target/radio_board_if.o ./Application/User/LoRaWAN/Target/radio_board_if.su
rm -rf ./Application/User/LoRaWAN/App/CayenneLpp.cyclo ./Application/User/LoRaWAN/App/CayenneLpp.d ./Application/User/LoRaWAN/App/CayenneLpp.o ./Application/User/LoRaWAN/App/CayenneLpp.su ./Application/User/LoRaWAN/App/app_lorawan.cyclo ./Application/User/LoRaWAN/App/app_lorawan.d ./Application/User/LoRaWAN/App/app_lorawan.o ./Application/User/LoRaWAN/App/app_lorawan.su ./Application/User/LoRaWAN/App/lora_app.cyclo ./Application/User/LoRaWAN/App/lora_app.d ./Application/User/LoRaWAN/App/lora_app.o ./Application/User/LoRaWAN/App/lora_app.su ./Application/User/LoRaWAN/App/lora_info.cyclo ./Application/User/LoRaWAN/App/lora_info.d ./Application/User/LoRaWAN/App/lora_info.o ./Application/User/LoRaWAN/App/lora_info.su
rm -rf ./Application/User/Core/adc.cyclo ./Application/User/Core/adc.d ./Application/User/Core/adc.o ./Application/User/Core/adc.su ./Application/User/Core/adc_if.cyclo ./Application/User/Core/adc_if.d ./Application/User/Core/adc_if.o ./Application/User/Core/adc_if.su ./Application/User/Core/dma.cyclo ./Application/User/Core/dma.d ./Application/User/Core/dma.o ./Application/User/Core/dma.su ./Application/User/Core/flash_if.cyclo ./Application/User/Core/flash_if.d ./Application/User/Core/flash_if.o ./Application/User/Core/flash_if.su ./Application/User/Core/gpio.cyclo ./Application/User/Core/gpio.d ./Application/User/Core/gpio.o ./Application/User/Core/gpio.su ./Application/User/Core/main.cyclo ./Application/User/Core/main.d ./Application/User/Core/main.o ./Application/User/Core/main.su ./Application/User/Core/rtc.cyclo ./Application/User/Core/rtc.d ./Application/User/Core/rtc.o ./Application/User/Core/rtc.su ./Application/User/Core/stm32_lpm_if.cyclo ./Application/User/Core/stm32_lpm_if.d ./Application/User/Core/stm32_lpm_if.o ./Application/User/Core/stm32_lpm_if.su ./Application/User/Core/stm32wlxx_hal_msp.cyclo ./Application/User/Core/stm32wlxx_hal_msp.d ./Application/User/Core/stm32wlxx_hal_msp.o ./Application/User/Core/stm32wlxx_hal_msp.su ./Application/User/Core/stm32wlxx_it.cyclo ./Application/User/Core/stm32wlxx_it.d ./Application/User/Core/stm32wlxx_it.o ./Application/User/Core/stm32wlxx_it.su ./Application/User/Core/subghz.cyclo ./Application/User/Core/subghz.d ./Application/User/Core/subghz.o ./Application/User/Core/subghz.su ./Application/User/Core/sys_app.cyclo ./Application/User/Core/sys_app.d ./Application/User/Core/sys_app.o ./Application/User/Core/sys_app.su ./Application/User/Core/sys_debug.cyclo ./Application/User/Core/sys_debug.d ./Application/User/Core/sys_debug.o ./Application/User/Core/sys_debug.su ./Application/User/Core/sys_sensors.cyclo ./Application/User/Core/sys_sensors.d ./Application/User/Core/sys_sensors.o ./Application/User/Core/sys_sensors.su ./Application/User/Core/syscalls.cyclo ./Application/User/Core/syscalls.d ./Application/User/Core/syscalls.o ./Application/User/Core/syscalls.su ./Application/User/Core/sysmem.cyclo ./Application/User/Core/sysmem.d ./Application/User/Core/sysmem.o ./Application/User/Core/sysmem.su ./Application/User/Core/timer_if.cyclo ./Application/User/Core/timer_if.d ./Application/User/Core/timer_if.o ./Application/User/Core/timer_if.su ./Application/User/Core/usart.cyclo ./Application/User/Core/usart.d ./Application/User/Core/usart.o ./Application/User/Core/usart.su ./Application/User/Core/usart_if.cyclo ./Application/User/Core/usart_if.d ./Application/User/Core/usart_if.o ./Application/User/Core/usart_if.su
rm -rf LoRaWAN_End_Node.elf LoRaWAN_End_Node.list LoRaWAN_End_Node.map default.size.stdout
 
02:45:32 **** Build of configuration Debug for project LoRaWAN_End_Node ****
make -j12 all 
arm-none-eabi-gcc "C:/Users/tusg0/iiiii/LoRaWAN_End_Node/Utilities/trace/adv_trace/stm32_adv_trace.c" -mcpu=cortex-m4 -std=gnu11 -g3 -DDEBUG -DCORE_CM4 -DUSE_HAL_DRIVER -DSTM32WL55xx -c -I../../Core/Inc -I../../LoRaWAN/App -I../../LoRaWAN/Target -I../../Drivers/STM32WLxx_HAL_Driver/Inc -I../../Drivers/STM32WLxx_HAL_Driver/Inc/Legacy -I../../Utilities/trace/adv_trace -I../../Utilities/misc -I../../Utilities/sequencer -I../../Utilities/timer -I../../Utilities/lpm/tiny_lpm -I../../Middlewares/Third_Party/LoRaWAN/LmHandler/Packages -I../../Drivers/CMSIS/Device/ST/STM32WLxx/Include -I../../Middlewares/Third_Party/LoRaWAN/Crypto -I../../Middlewares/Third_Party/LoRaWAN/Mac/Region -I../../Middlewares/Third_Party/LoRaWAN/Mac -I../../Middlewares/Third_Party/LoRaWAN/LmHandler -I../../Middlewares/Third_Party/LoRaWAN/Utilities -I../../Middlewares/Third_Party/SubGHz_Phy -I../../Middlewares/Third_Party/SubGHz_Phy/stm32_radio_driver -I../../Drivers/CMSIS/Include -I../../Drivers/BSP/STM32WLxx_Nucleo -I../Middlewares/Third_Party/LoRaWAN/Utilities -I/LoRaWAN_End_Node/Middlewares/Third_Party/LoRaWAN/Utilities/lorawan_conf.h -Og -ffunction-sections -fdata-sections -Wall -fstack-usage -fcyclomatic-complexity -MMD -MP -MF"Utilities/stm32_adv_trace.d" -MT"Utilities/stm32_adv_trace.o" --specs=nano.specs -mfloat-abi=soft -mthumb -o "Utilities/stm32_adv_trace.o"
arm-none-eabi-gcc "C:/Users/tusg0/iiiii/LoRaWAN_End_Node/Utilities/lpm/tiny_lpm/stm32_lpm.c" -mcpu=cortex-m4 -std=gnu11 -g3 -DDEBUG -DCORE_CM4 -DUSE_HAL_DRIVER -DSTM32WL55xx -c -I../../Core/Inc -I../../LoRaWAN/App -I../../LoRaWAN/Target -I../../Drivers/STM32WLxx_HAL_Driver/Inc -I../../Drivers/STM32WLxx_HAL_Driver/Inc/Legacy -I../../Utilities/trace/adv_trace -I../../Utilities/misc -I../../Utilities/sequencer -I../../Utilities/timer -I../../Utilities/lpm/tiny_lpm -I../../Middlewares/Third_Party/LoRaWAN/LmHandler/Packages -I../../Drivers/CMSIS/Device/ST/STM32WLxx/Include -I../../Middlewares/Third_Party/LoRaWAN/Crypto -I../../Middlewares/Third_Party/LoRaWAN/Mac/Region -I../../Middlewares/Third_Party/LoRaWAN/Mac -I../../Middlewares/Third_Party/LoRaWAN/LmHandler -I../../Middlewares/Third_Party/LoRaWAN/Utilities -I../../Middlewares/Third_Party/SubGHz_Phy -I../../Middlewares/Third_Party/SubGHz_Phy/stm32_radio_driver -I../../Drivers/CMSIS/Include -I../../Drivers/BSP/STM32WLxx_Nucleo -I../Middlewares/Third_Party/LoRaWAN/Utilities -I/LoRaWAN_End_Node/Middlewares/Third_Party/LoRaWAN/Utilities/lorawan_conf.h -Og -ffunction-sections -fdata-sections -Wall -fstack-usage -fcyclomatic-complexity -MMD -MP -MF"Utilities/stm32_lpm.d" -MT"Utilities/stm32_lpm.o" --specs=nano.specs -mfloat-abi=soft -mthumb -o "Utilities/stm32_lpm.o"
arm-none-eabi-gcc "C:/Users/tusg0/iiiii/LoRaWAN_End_Node/Utilities/misc/stm32_mem.c" -mcpu=cortex-m4 -std=gnu11 -g3 -DDEBUG -DCORE_CM4 -DUSE_HAL_DRIVER -DSTM32WL55xx -c -I../../Core/Inc -I../../LoRaWAN/App -I../../LoRaWAN/Target -I../../Drivers/STM32WLxx_HAL_Driver/Inc -I../../Drivers/STM32WLxx_HAL_Driver/Inc/Legacy -I../../Utilities/trace/adv_trace -I../../Utilities/misc -I../../Utilities/sequencer -I../../Utilities/timer -I../../Utilities/lpm/tiny_lpm -I../../Middlewares/Third_Party/LoRaWAN/LmHandler/Packages -I../../Drivers/CMSIS/Device/ST/STM32WLxx/Include -I../../Middlewares/Third_Party/LoRaWAN/Crypto -I../../Middlewares/Third_Party/LoRaWAN/Mac/Region -I../../Middlewares/Third_Party/LoRaWAN/Mac -I../../Middlewares/Third_Party/LoRaWAN/LmHandler -I../../Middlewares/Third_Party/LoRaWAN/Utilities -I../../Middlewares/Third_Party/SubGHz_Phy -I../../Middlewares/Third_Party/SubGHz_Phy/stm32_radio_driver -I../../Drivers/CMSIS/Include -I../../Drivers/BSP/STM32WLxx_Nucleo -I../Middlewares/Third_Party/LoRaWAN/Utilities -I/LoRaWAN_End_Node/Middlewares/Third_Party/LoRaWAN/Utilities/lorawan_conf.h -Og -ffunction-sections -fdata-sections -Wall -fstack-usage -fcyclomatic-complexity -MMD -MP -MF"Utilities/stm32_mem.d" -MT"Utilities/stm32_mem.o" --specs=nano.specs -mfloat-abi=soft -mthumb -o "Utilities/stm32_mem.o"
arm-none-eabi-gcc "C:/Users/tusg0/iiiii/LoRaWAN_End_Node/Utilities/sequencer/stm32_seq.c" -mcpu=cortex-m4 -std=gnu11 -g3 -DDEBUG -DCORE_CM4 -DUSE_HAL_DRIVER -DSTM32WL55xx -c -I../../Core/Inc -I../../LoRaWAN/App -I../../LoRaWAN/Target -I../../Drivers/STM32WLxx_HAL_Driver/Inc -I../../Drivers/STM32WLxx_HAL_Driver/Inc/Legacy -I../../Utilities/trace/adv_trace -I../../Utilities/misc -I../../Utilities/sequencer -I../../Utilities/timer -I../../Utilities/lpm/tiny_lpm -I../../Middlewares/Third_Party/LoRaWAN/LmHandler/Packages -I../../Drivers/CMSIS/Device/ST/STM32WLxx/Include -I../../Middlewares/Third_Party/LoRaWAN/Crypto -I../../Middlewares/Third_Party/LoRaWAN/Mac/Region -I../../Middlewares/Third_Party/LoRaWAN/Mac -I../../Middlewares/Third_Party/LoRaWAN/LmHandler -I../../Middlewares/Third_Party/LoRaWAN/Utilities -I../../Middlewares/Third_Party/SubGHz_Phy -I../../Middlewares/Third_Party/SubGHz_Phy/stm32_radio_driver -I../../Drivers/CMSIS/Include -I../../Drivers/BSP/STM32WLxx_Nucleo -I../Middlewares/Third_Party/LoRaWAN/Utilities -I/LoRaWAN_End_Node/Middlewares/Third_Party/LoRaWAN/Utilities/lorawan_conf.h -Og -ffunction-sections -fdata-sections -Wall -fstack-usage -fcyclomatic-complexity -MMD -MP -MF"Utilities/stm32_seq.d" -MT"Utilities/stm32_seq.o" --specs=nano.specs -mfloat-abi=soft -mthumb -o "Utilities/stm32_seq.o"
arm-none-eabi-gcc "C:/Users/tusg0/iiiii/LoRaWAN_End_Node/Utilities/misc/stm32_systime.c" -mcpu=cortex-m4 -std=gnu11 -g3 -DDEBUG -DCORE_CM4 -DUSE_HAL_DRIVER -DSTM32WL55xx -c -I../../Core/Inc -I../../LoRaWAN/App -I../../LoRaWAN/Target -I../../Drivers/STM32WLxx_HAL_Driver/Inc -I../../Drivers/STM32WLxx_HAL_Driver/Inc/Legacy -I../../Utilities/trace/adv_trace -I../../Utilities/misc -I../../Utilities/sequencer -I../../Utilities/timer -I../../Utilities/lpm/tiny_lpm -I../../Middlewares/Third_Party/LoRaWAN/LmHandler/Packages -I../../Drivers/CMSIS/Device/ST/STM32WLxx/Include -I../../Middlewares/Third_Party/LoRaWAN/Crypto -I../../Middlewares/Third_Party/LoRaWAN/Mac/Region -I../../Middlewares/Third_Party/LoRaWAN/Mac -I../../Middlewares/Third_Party/LoRaWAN/LmHandler -I../../Middlewares/Third_Party/LoRaWAN/Utilities -I../../Middlewares/Third_Party/SubGHz_Phy -I../../Middlewares/Third_Party/SubGHz_Phy/stm32_radio_driver -I../../Drivers/CMSIS/Include -I../../Drivers/BSP/STM32WLxx_Nucleo -I../Middlewares/Third_Party/LoRaWAN/Utilities -I/LoRaWAN_End_Node/Middlewares/Third_Party/LoRaWAN/Utilities/lorawan_conf.h -Og -ffunction-sections -fdata-sections -Wall -fstack-usage -fcyclomatic-complexity -MMD -MP -MF"Utilities/stm32_systime.d" -MT"Utilities/stm32_systime.o" --specs=nano.specs -mfloat-abi=soft -mthumb -o "Utilities/stm32_systime.o"
arm-none-eabi-gcc "C:/Users/tusg0/iiiii/LoRaWAN_End_Node/Utilities/timer/stm32_timer.c" -mcpu=cortex-m4 -std=gnu11 -g3 -DDEBUG -DCORE_CM4 -DUSE_HAL_DRIVER -DSTM32WL55xx -c -I../../Core/Inc -I../../LoRaWAN/App -I../../LoRaWAN/Target -I../../Drivers/STM32WLxx_HAL_Driver/Inc -I../../Drivers/STM32WLxx_HAL_Driver/Inc/Legacy -I../../Utilities/trace/adv_trace -I../../Utilities/misc -I../../Utilities/sequencer -I../../Utilities/timer -I../../Utilities/lpm/tiny_lpm -I../../Middlewares/Third_Party/LoRaWAN/LmHandler/Packages -I../../Drivers/CMSIS/Device/ST/STM32WLxx/Include -I../../Middlewares/Third_Party/LoRaWAN/Crypto -I../../Middlewares/Third_Party/LoRaWAN/Mac/Region -I../../Middlewares/Third_Party/LoRaWAN/Mac -I../../Middlewares/Third_Party/LoRaWAN/LmHandler -I../../Middlewares/Third_Party/LoRaWAN/Utilities -I../../Middlewares/Third_Party/SubGHz_Phy -I../../Middlewares/Third_Party/SubGHz_Phy/stm32_radio_driver -I../../Drivers/CMSIS/Include -I../../Drivers/BSP/STM32WLxx_Nucleo -I../Middlewares/Third_Party/LoRaWAN/Utilities -I/LoRaWAN_End_Node/Middlewares/Third_Party/LoRaWAN/Utilities/lorawan_conf.h -Og -ffunction-sections -fdata-sections -Wall -fstack-usage -fcyclomatic-complexity -MMD -MP -MF"Utilities/stm32_timer.d" -MT"Utilities/stm32_timer.o" --specs=nano.specs -mfloat-abi=soft -mthumb -o "Utilities/stm32_timer.o"
arm-none-eabi-gcc "C:/Users/tusg0/iiiii/LoRaWAN_End_Node/Utilities/misc/stm32_tiny_sscanf.c" -mcpu=cortex-m4 -std=gnu11 -g3 -DDEBUG -DCORE_CM4 -DUSE_HAL_DRIVER -DSTM32WL55xx -c -I../../Core/Inc -I../../LoRaWAN/App -I../../LoRaWAN/Target -I../../Drivers/STM32WLxx_HAL_Driver/Inc -I../../Drivers/STM32WLxx_HAL_Driver/Inc/Legacy -I../../Utilities/trace/adv_trace -I../../Utilities/misc -I../../Utilities/sequencer -I../../Utilities/timer -I../../Utilities/lpm/tiny_lpm -I../../Middlewares/Third_Party/LoRaWAN/LmHandler/Packages -I../../Drivers/CMSIS/Device/ST/STM32WLxx/Include -I../../Middlewares/Third_Party/LoRaWAN/Crypto -I../../Middlewares/Third_Party/LoRaWAN/Mac/Region -I../../Middlewares/Third_Party/LoRaWAN/Mac -I../../Middlewares/Third_Party/LoRaWAN/LmHandler -I../../Middlewares/Third_Party/LoRaWAN/Utilities -I../../Middlewares/Third_Party/SubGHz_Phy -I../../Middlewares/Third_Party/SubGHz_Phy/stm32_radio_driver -I../../Drivers/CMSIS/Include -I../../Drivers/BSP/STM32WLxx_Nucleo -I../Middlewares/Third_Party/LoRaWAN/Utilities -I/LoRaWAN_End_Node/Middlewares/Third_Party/LoRaWAN/Utilities/lorawan_conf.h -Og -ffunction-sections -fdata-sections -Wall -fstack-usage -fcyclomatic-complexity -MMD -MP -MF"Utilities/stm32_tiny_sscanf.d" -MT"Utilities/stm32_tiny_sscanf.o" --specs=nano.specs -mfloat-abi=soft -mthumb -o "Utilities/stm32_tiny_sscanf.o"
arm-none-eabi-gcc "C:/Users/tusg0/iiiii/LoRaWAN_End_Node/Utilities/misc/stm32_tiny_vsnprintf.c" -mcpu=cortex-m4 -std=gnu11 -g3 -DDEBUG -DCORE_CM4 -DUSE_HAL_DRIVER -DSTM32WL55xx -c -I../../Core/Inc -I../../LoRaWAN/App -I../../LoRaWAN/Target -I../../Drivers/STM32WLxx_HAL_Driver/Inc -I../../Drivers/STM32WLxx_HAL_Driver/Inc/Legacy -I../../Utilities/trace/adv_trace -I../../Utilities/misc -I../../Utilities/sequencer -I../../Utilities/timer -I../../Utilities/lpm/tiny_lpm -I../../Middlewares/Third_Party/LoRaWAN/LmHandler/Packages -I../../Drivers/CMSIS/Device/ST/STM32WLxx/Include -I../../Middlewares/Third_Party/LoRaWAN/Crypto -I../../Middlewares/Third_Party/LoRaWAN/Mac/Region -I../../Middlewares/Third_Party/LoRaWAN/Mac -I../../Middlewares/Third_Party/LoRaWAN/LmHandler -I../../Middlewares/Third_Party/LoRaWAN/Utilities -I../../Middlewares/Third_Party/SubGHz_Phy -I../../Middlewares/Third_Party/SubGHz_Phy/stm32_radio_driver -I../../Drivers/CMSIS/Include -I../../Drivers/BSP/STM32WLxx_Nucleo -I../Middlewares/Third_Party/LoRaWAN/Utilities -I/LoRaWAN_End_Node/Middlewares/Third_Party/LoRaWAN/Utilities/lorawan_conf.h -Og -ffunction-sections -fdata-sections -Wall -fstack-usage -fcyclomatic-complexity -MMD -MP -MF"Utilities/stm32_tiny_vsnprintf.d" -MT"Utilities/stm32_tiny_vsnprintf.o" --specs=nano.specs -mfloat-abi=soft -mthumb -o "Utilities/stm32_tiny_vsnprintf.o"
arm-none-eabi-gcc "C:/Users/tusg0/iiiii/LoRaWAN_End_Node/Middlewares/Third_Party/SubGHz_Phy/stm32_radio_driver/radio.c" -mcpu=cortex-m4 -std=gnu11 -g3 -DDEBUG -DCORE_CM4 -DUSE_HAL_DRIVER -DSTM32WL55xx -c -I../../Core/Inc -I../../LoRaWAN/App -I../../LoRaWAN/Target -I../../Drivers/STM32WLxx_HAL_Driver/Inc -I../../Drivers/STM32WLxx_HAL_Driver/Inc/Legacy -I../../Utilities/trace/adv_trace -I../../Utilities/misc -I../../Utilities/sequencer -I../../Utilities/timer -I../../Utilities/lpm/tiny_lpm -I../../Middlewares/Third_Party/LoRaWAN/LmHandler/Packages -I../../Drivers/CMSIS/Device/ST/STM32WLxx/Include -I../../Middlewares/Third_Party/LoRaWAN/Crypto -I../../Middlewares/Third_Party/LoRaWAN/Mac/Region -I../../Middlewares/Third_Party/LoRaWAN/Mac -I../../Middlewares/Third_Party/LoRaWAN/LmHandler -I../../Middlewares/Third_Party/LoRaWAN/Utilities -I../../Middlewares/Third_Party/SubGHz_Phy -I../../Middlewares/Third_Party/SubGHz_Phy/stm32_radio_driver -I../../Drivers/CMSIS/Include -I../../Drivers/BSP/STM32WLxx_Nucleo -I../Middlewares/Third_Party/LoRaWAN/Utilities -I/LoRaWAN_End_Node/Middlewares/Third_Party/LoRaWAN/Utilities/lorawan_conf.h -Og -ffunction-sections -fdata-sections -Wall -fstack-usage -fcyclomatic-complexity -MMD -MP -MF"Middlewares/SubGHz_Phy/radio.d" -MT"Middlewares/SubGHz_Phy/radio.o" --specs=nano.specs -mfloat-abi=soft -mthumb -o "Middlewares/SubGHz_Phy/radio.o"
arm-none-eabi-gcc "C:/Users/tusg0/iiiii/LoRaWAN_End_Node/Middlewares/Third_Party/SubGHz_Phy/stm32_radio_driver/radio_driver.c" -mcpu=cortex-m4 -std=gnu11 -g3 -DDEBUG -DCORE_CM4 -DUSE_HAL_DRIVER -DSTM32WL55xx -c -I../../Core/Inc -I../../LoRaWAN/App -I../../LoRaWAN/Target -I../../Drivers/STM32WLxx_HAL_Driver/Inc -I../../Drivers/STM32WLxx_HAL_Driver/Inc/Legacy -I../../Utilities/trace/adv_trace -I../../Utilities/misc -I../../Utilities/sequencer -I../../Utilities/timer -I../../Utilities/lpm/tiny_lpm -I../../Middlewares/Third_Party/LoRaWAN/LmHandler/Packages -I../../Drivers/CMSIS/Device/ST/STM32WLxx/Include -I../../Middlewares/Third_Party/LoRaWAN/Crypto -I../../Middlewares/Third_Party/LoRaWAN/Mac/Region -I../../Middlewares/Third_Party/LoRaWAN/Mac -I../../Middlewares/Third_Party/LoRaWAN/LmHandler -I../../Middlewares/Third_Party/LoRaWAN/Utilities -I../../Middlewares/Third_Party/SubGHz_Phy -I../../Middlewares/Third_Party/SubGHz_Phy/stm32_radio_driver -I../../Drivers/CMSIS/Include -I../../Drivers/BSP/STM32WLxx_Nucleo -I../Middlewares/Third_Party/LoRaWAN/Utilities -I/LoRaWAN_End_Node/Middlewares/Third_Party/LoRaWAN/Utilities/lorawan_conf.h -Og -ffunction-sections -fdata-sections -Wall -fstack-usage -fcyclomatic-complexity -MMD -MP -MF"Middlewares/SubGHz_Phy/radio_driver.d" -MT"Middlewares/SubGHz_Phy/radio_driver.o" --specs=nano.specs -mfloat-abi=soft -mthumb -o "Middlewares/SubGHz_Phy/radio_driver.o"
arm-none-eabi-gcc "C:/Users/tusg0/iiiii/LoRaWAN_End_Node/Middlewares/Third_Party/SubGHz_Phy/stm32_radio_driver/radio_fw.c" -mcpu=cortex-m4 -std=gnu11 -g3 -DDEBUG -DCORE_CM4 -DUSE_HAL_DRIVER -DSTM32WL55xx -c -I../../Core/Inc -I../../LoRaWAN/App -I../../LoRaWAN/Target -I../../Drivers/STM32WLxx_HAL_Driver/Inc -I../../Drivers/STM32WLxx_HAL_Driver/Inc/Legacy -I../../Utilities/trace/adv_trace -I../../Utilities/misc -I../../Utilities/sequencer -I../../Utilities/timer -I../../Utilities/lpm/tiny_lpm -I../../Middlewares/Third_Party/LoRaWAN/LmHandler/Packages -I../../Drivers/CMSIS/Device/ST/STM32WLxx/Include -I../../Middlewares/Third_Party/LoRaWAN/Crypto -I../../Middlewares/Third_Party/LoRaWAN/Mac/Region -I../../Middlewares/Third_Party/LoRaWAN/Mac -I../../Middlewares/Third_Party/LoRaWAN/LmHandler -I../../Middlewares/Third_Party/LoRaWAN/Utilities -I../../Middlewares/Third_Party/SubGHz_Phy -I../../Middlewares/Third_Party/SubGHz_Phy/stm32_radio_driver -I../../Drivers/CMSIS/Include -I../../Drivers/BSP/STM32WLxx_Nucleo -I../Middlewares/Third_Party/LoRaWAN/Utilities -I/LoRaWAN_End_Node/Middlewares/Third_Party/LoRaWAN/Utilities/lorawan_conf.h -Og -ffunction-sections -fdata-sections -Wall -fstack-usage -fcyclomatic-complexity -MMD -MP -MF"Middlewares/SubGHz_Phy/radio_fw.d" -MT"Middlewares/SubGHz_Phy/radio_fw.o" --specs=nano.specs -mfloat-abi=soft -mthumb -o "Middlewares/SubGHz_Phy/radio_fw.o"
arm-none-eabi-gcc "C:/Users/tusg0/iiiii/LoRaWAN_End_Node/Middlewares/Third_Party/LoRaWAN/LmHandler/LmHandler.c" -mcpu=cortex-m4 -std=gnu11 -g3 -DDEBUG -DCORE_CM4 -DUSE_HAL_DRIVER -DSTM32WL55xx -c -I../../Core/Inc -I../../LoRaWAN/App -I../../LoRaWAN/Target -I../../Drivers/STM32WLxx_HAL_Driver/Inc -I../../Drivers/STM32WLxx_HAL_Driver/Inc/Legacy -I../../Utilities/trace/adv_trace -I../../Utilities/misc -I../../Utilities/sequencer -I../../Utilities/timer -I../../Utilities/lpm/tiny_lpm -I../../Middlewares/Third_Party/LoRaWAN/LmHandler/Packages -I../../Drivers/CMSIS/Device/ST/STM32WLxx/Include -I../../Middlewares/Third_Party/LoRaWAN/Crypto -I../../Middlewares/Third_Party/LoRaWAN/Mac/Region -I../../Middlewares/Third_Party/LoRaWAN/Mac -I../../Middlewares/Third_Party/LoRaWAN/LmHandler -I../../Middlewares/Third_Party/LoRaWAN/Utilities -I../../Middlewares/Third_Party/SubGHz_Phy -I../../Middlewares/Third_Party/SubGHz_Phy/stm32_radio_driver -I../../Drivers/CMSIS/Include -I../../Drivers/BSP/STM32WLxx_Nucleo -I../Middlewares/Third_Party/LoRaWAN/Utilities -I/LoRaWAN_End_Node/Middlewares/Third_Party/LoRaWAN/Utilities/lorawan_conf.h -Og -ffunction-sections -fdata-sections -Wall -fstack-usage -fcyclomatic-complexity -MMD -MP -MF"Middlewares/LoRaWAN/LmHandler.d" -MT"Middlewares/LoRaWAN/LmHandler.o" --specs=nano.specs -mfloat-abi=soft -mthumb -o "Middlewares/LoRaWAN/LmHandler.o"
arm-none-eabi-gcc "C:/Users/tusg0/iiiii/LoRaWAN_End_Node/Middlewares/Third_Party/LoRaWAN/LmHandler/Packages/LmhpCompliance.c" -mcpu=cortex-m4 -std=gnu11 -g3 -DDEBUG -DCORE_CM4 -DUSE_HAL_DRIVER -DSTM32WL55xx -c -I../../Core/Inc -I../../LoRaWAN/App -I../../LoRaWAN/Target -I../../Drivers/STM32WLxx_HAL_Driver/Inc -I../../Drivers/STM32WLxx_HAL_Driver/Inc/Legacy -I../../Utilities/trace/adv_trace -I../../Utilities/misc -I../../Utilities/sequencer -I../../Utilities/timer -I../../Utilities/lpm/tiny_lpm -I../../Middlewares/Third_Party/LoRaWAN/LmHandler/Packages -I../../Drivers/CMSIS/Device/ST/STM32WLxx/Include -I../../Middlewares/Third_Party/LoRaWAN/Crypto -I../../Middlewares/Third_Party/LoRaWAN/Mac/Region -I../../Middlewares/Third_Party/LoRaWAN/Mac -I../../Middlewares/Third_Party/LoRaWAN/LmHandler -I../../Middlewares/Third_Party/LoRaWAN/Utilities -I../../Middlewares/Third_Party/SubGHz_Phy -I../../Middlewares/Third_Party/SubGHz_Phy/stm32_radio_driver -I../../Drivers/CMSIS/Include -I../../Drivers/BSP/STM32WLxx_Nucleo -I../Middlewares/Third_Party/LoRaWAN/Utilities -I/LoRaWAN_End_Node/Middlewares/Third_Party/LoRaWAN/Utilities/lorawan_conf.h -Og -ffunction-sections -fdata-sections -Wall -fstack-usage -fcyclomatic-complexity -MMD -MP -MF"Middlewares/LoRaWAN/LmhpCompliance.d" -MT"Middlewares/LoRaWAN/LmhpCompliance.o" --specs=nano.specs -mfloat-abi=soft -mthumb -o "Middlewares/LoRaWAN/LmhpCompliance.o"
arm-none-eabi-gcc "C:/Users/tusg0/iiiii/LoRaWAN_End_Node/Middlewares/Third_Party/LoRaWAN/LmHandler/Packages/LmhpPackagesRegistration.c" -mcpu=cortex-m4 -std=gnu11 -g3 -DDEBUG -DCORE_CM4 -DUSE_HAL_DRIVER -DSTM32WL55xx -c -I../../Core/Inc -I../../LoRaWAN/App -I../../LoRaWAN/Target -I../../Drivers/STM32WLxx_HAL_Driver/Inc -I../../Drivers/STM32WLxx_HAL_Driver/Inc/Legacy -I../../Utilities/trace/adv_trace -I../../Utilities/misc -I../../Utilities/sequencer -I../../Utilities/timer -I../../Utilities/lpm/tiny_lpm -I../../Middlewares/Third_Party/LoRaWAN/LmHandler/Packages -I../../Drivers/CMSIS/Device/ST/STM32WLxx/Include -I../../Middlewares/Third_Party/LoRaWAN/Crypto -I../../Middlewares/Third_Party/LoRaWAN/Mac/Region -I../../Middlewares/Third_Party/LoRaWAN/Mac -I../../Middlewares/Third_Party/LoRaWAN/LmHandler -I../../Middlewares/Third_Party/LoRaWAN/Utilities -I../../Middlewares/Third_Party/SubGHz_Phy -I../../Middlewares/Third_Party/SubGHz_Phy/stm32_radio_driver -I../../Drivers/CMSIS/Include -I../../Drivers/BSP/STM32WLxx_Nucleo -I../Middlewares/Third_Party/LoRaWAN/Utilities -I/LoRaWAN_End_Node/Middlewares/Third_Party/LoRaWAN/Utilities/lorawan_conf.h -Og -ffunction-sections -fdata-sections -Wall -fstack-usage -fcyclomatic-complexity -MMD -MP -MF"Middlewares/LoRaWAN/LmhpPackagesRegistration.d" -MT"Middlewares/LoRaWAN/LmhpPackagesRegistration.o" --specs=nano.specs -mfloat-abi=soft -mthumb -o "Middlewares/LoRaWAN/LmhpPackagesRegistration.o"
arm-none-eabi-gcc "C:/Users/tusg0/iiiii/LoRaWAN_End_Node/Middlewares/Third_Party/LoRaWAN/Mac/LoRaMac.c" -mcpu=cortex-m4 -std=gnu11 -g3 -DDEBUG -DCORE_CM4 -DUSE_HAL_DRIVER -DSTM32WL55xx -c -I../../Core/Inc -I../../LoRaWAN/App -I../../LoRaWAN/Target -I../../Drivers/STM32WLxx_HAL_Driver/Inc -I../../Drivers/STM32WLxx_HAL_Driver/Inc/Legacy -I../../Utilities/trace/adv_trace -I../../Utilities/misc -I../../Utilities/sequencer -I../../Utilities/timer -I../../Utilities/lpm/tiny_lpm -I../../Middlewares/Third_Party/LoRaWAN/LmHandler/Packages -I../../Drivers/CMSIS/Device/ST/STM32WLxx/Include -I../../Middlewares/Third_Party/LoRaWAN/Crypto -I../../Middlewares/Third_Party/LoRaWAN/Mac/Region -I../../Middlewares/Third_Party/LoRaWAN/Mac -I../../Middlewares/Third_Party/LoRaWAN/LmHandler -I../../Middlewares/Third_Party/LoRaWAN/Utilities -I../../Middlewares/Third_Party/SubGHz_Phy -I../../Middlewares/Third_Party/SubGHz_Phy/stm32_radio_driver -I../../Drivers/CMSIS/Include -I../../Drivers/BSP/STM32WLxx_Nucleo -I../Middlewares/Third_Party/LoRaWAN/Utilities -I/LoRaWAN_End_Node/Middlewares/Third_Party/LoRaWAN/Utilities/lorawan_conf.h -Og -ffunction-sections -fdata-sections -Wall -fstack-usage -fcyclomatic-complexity -MMD -MP -MF"Middlewares/LoRaWAN/LoRaMac.d" -MT"Middlewares/LoRaWAN/LoRaMac.o" --specs=nano.specs -mfloat-abi=soft -mthumb -o "Middlewares/LoRaWAN/LoRaMac.o"
[...]
arm-none-eabi-gcc "C:/Users/tusg0/iiiii/LoRaWAN_End_Node/Core/Src/rtc.c" -mcpu=cortex-m4 -std=gnu11 -g3 -DDEBUG -DCORE_CM4 -DUSE_HAL_DRIVER -DSTM32WL55xx -c -I../../Core/Inc -I../../LoRaWAN/App -I../../LoRaWAN/Target -I../../Drivers/STM32WLxx_HAL_Driver/Inc -I../../Drivers/STM32WLxx_HAL_Driver/Inc/Legacy -I../../Utilities/trace/adv_trace -I../../Utilities/misc -I../../Utilities/sequencer -I../../Utilities/timer -I../../Utilities/lpm/tiny_lpm -I../../Middlewares/Third_Party/LoRaWAN/LmHandler/Packages -I../../Drivers/CMSIS/Device/ST/STM32WLxx/Include -I../../Middlewares/Third_Party/LoRaWAN/Crypto -I../../Middlewares/Third_Party/LoRaWAN/Mac/Region -I../../Middlewares/Third_Party/LoRaWAN/Mac -I../../Middlewares/Third_Party/LoRaWAN/LmHandler -I../../Middlewares/Third_Party/LoRaWAN/Utilities -I../../Middlewares/Third_Party/SubGHz_Phy -I../../Middlewares/Third_Party/SubGHz_Phy/stm32_radio_driver -I../../Drivers/CMSIS/Include -I../../Drivers/BSP/STM32WLxx_Nucleo -I../Middlewares/Third_Party/LoRaWAN/Utilities -I/LoRaWAN_End_Node/Middlewares/Third_Party/LoRaWAN/Utilities/lorawan_conf.h -Og -ffunction-sections -fdata-sections -Wall -fstack-usage -fcyclomatic-complexity -MMD -MP -MF"Application/User/Core/rtc.d" -MT"Application/User/Core/rtc.o" --specs=nano.specs -mfloat-abi=soft -mthumb -o "Application/User/Core/rtc.o"
arm-none-eabi-gcc "C:/Users/tusg0/iiiii/LoRaWAN_End_Node/Core/Src/stm32_lpm_if.c" -mcpu=cortex-m4 -std=gnu11 -g3 -DDEBUG -DCORE_CM4 -DUSE_HAL_DRIVER -DSTM32WL55xx -c -I../../Core/Inc -I../../LoRaWAN/App -I../../LoRaWAN/Target -I../../Drivers/STM32WLxx_HAL_Driver/Inc -I../../Drivers/STM32WLxx_HAL_Driver/Inc/Legacy -I../../Utilities/trace/adv_trace -I../../Utilities/misc -I../../Utilities/sequencer -I../../Utilities/timer -I../../Utilities/lpm/tiny_lpm -I../../Middlewares/Third_Party/LoRaWAN/LmHandler/Packages -I../../Drivers/CMSIS/Device/ST/STM32WLxx/Include -I../../Middlewares/Third_Party/LoRaWAN/Crypto -I../../Middlewares/Third_Party/LoRaWAN/Mac/Region -I../../Middlewares/Third_Party/LoRaWAN/Mac -I../../Middlewares/Third_Party/LoRaWAN/LmHandler -I../../Middlewares/Third_Party/LoRaWAN/Utilities -I../../Middlewares/Third_Party/SubGHz_Phy -I../../Middlewares/Third_Party/SubGHz_Phy/stm32_radio_driver -I../../Drivers/CMSIS/Include -I../../Drivers/BSP/STM32WLxx_Nucleo -I../Middlewares/Third_Party/LoRaWAN/Utilities -I/LoRaWAN_End_Node/Middlewares/Third_Party/LoRaWAN/Utilities/lorawan_conf.h -Og -ffunction-sections -fdata-sections -Wall -fstack-usage -fcyclomatic-complexity -MMD -MP -MF"Application/User/Core/stm32_lpm_if.d" -MT"Application/User/Core/stm32_lpm_if.o" --specs=nano.specs -mfloat-abi=soft -mthumb -o "Application/User/Core/stm32_lpm_if.o"
arm-none-eabi-gcc "C:/Users/tusg0/iiiii/LoRaWAN_End_Node/Core/Src/stm32wlxx_hal_msp.c" -mcpu=cortex-m4 -std=gnu11 -g3 -DDEBUG -DCORE_CM4 -DUSE_HAL_DRIVER -DSTM32WL55xx -c -I../../Core/Inc -I../../LoRaWAN/App -I../../LoRaWAN/Target -I../../Drivers/STM32WLxx_HAL_Driver/Inc -I../../Drivers/STM32WLxx_HAL_Driver/Inc/Legacy -I../../Utilities/trace/adv_trace -I../../Utilities/misc -I../../Utilities/sequencer -I../../Utilities/timer -I../../Utilities/lpm/tiny_lpm -I../../Middlewares/Third_Party/LoRaWAN/LmHandler/Packages -I../../Drivers/CMSIS/Device/ST/STM32WLxx/Include -I../../Middlewares/Third_Party/LoRaWAN/Crypto -I../../Middlewares/Third_Party/LoRaWAN/Mac/Region -I../../Middlewares/Third_Party/LoRaWAN/Mac -I../../Middlewares/Third_Party/LoRaWAN/LmHandler -I../../Middlewares/Third_Party/LoRaWAN/Utilities -I../../Middlewares/Third_Party/SubGHz_Phy -I../../Middlewares/Third_Party/SubGHz_Phy/stm32_radio_driver -I../../Drivers/CMSIS/Include -I../../Drivers/BSP/STM32WLxx_Nucleo -I../Middlewares/Third_Party/LoRaWAN/Utilities -I/LoRaWAN_End_Node/Middlewares/Third_Party/LoRaWAN/Utilities/lorawan_conf.h -Og -ffunction-sections -fdata-sections -Wall -fstack-usage -fcyclomatic-complexity -MMD -MP -MF"Application/User/Core/stm32wlxx_hal_msp.d" -MT"Application/User/Core/stm32wlxx_hal_msp.o" --specs=nano.specs -mfloat-abi=soft -mthumb -o "Application/User/Core/stm32wlxx_hal_msp.o"
arm-none-eabi-gcc "C:/Users/tusg0/iiiii/LoRaWAN_End_Node/Core/Src/stm32wlxx_it.c" -mcpu=cortex-m4 -std=gnu11 -g3 -DDEBUG -DCORE_CM4 -DUSE_HAL_DRIVER -DSTM32WL55xx -c -I../../Core/Inc -I../../LoRaWAN/App -I../../LoRaWAN/Target -I../../Drivers/STM32WLxx_HAL_Driver/Inc -I../../Drivers/STM32WLxx_HAL_Driver/Inc/Legacy -I../../Utilities/trace/adv_trace -I../../Utilities/misc -I../../Utilities/sequencer -I../../Utilities/timer -I../../Utilities/lpm/tiny_lpm -I../../Middlewares/Third_Party/LoRaWAN/LmHandler/Packages -I../../Drivers/CMSIS/Device/ST/STM32WLxx/Include -I../../Middlewares/Third_Party/LoRaWAN/Crypto -I../../Middlewares/Third_Party/LoRaWAN/Mac/Region -I../../Middlewares/Third_Party/LoRaWAN/Mac -I../../Middlewares/Third_Party/LoRaWAN/LmHandler -I../../Middlewares/Third_Party/LoRaWAN/Utilities -I../../Middlewares/Third_Party/SubGHz_Phy -I../../Middlewares/Third_Party/SubGHz_Phy/stm32_radio_driver -I../../Drivers/CMSIS/Include -I../../Drivers/BSP/STM32WLxx_Nucleo -I../Middlewares/Third_Party/LoRaWAN/Utilities -I/LoRaWAN_End_Node/Middlewares/Third_Party/LoRaWAN/Utilities/lorawan_conf.h -Og -ffunction-sections -fdata-sections -Wall -fstack-usage -fcyclomatic-complexity -MMD -MP -MF"Application/User/Core/stm32wlxx_it.d" -MT"Application/User/Core/stm32wlxx_it.o" --specs=nano.specs -mfloat-abi=soft -mthumb -o "Application/User/Core/stm32wlxx_it.o"
arm-none-eabi-gcc "C:/Users/tusg0/iiiii/LoRaWAN_End_Node/Core/Src/subghz.c" -mcpu=cortex-m4 -std=gnu11 -g3 -DDEBUG -DCORE_CM4 -DUSE_HAL_DRIVER -DSTM32WL55xx -c -I../../Core/Inc -I../../LoRaWAN/App -I../../LoRaWAN/Target -I../../Drivers/STM32WLxx_HAL_Driver/Inc -I../../Drivers/STM32WLxx_HAL_Driver/Inc/Legacy -I../../Utilities/trace/adv_trace -I../../Utilities/misc -I../../Utilities/sequencer -I../../Utilities/timer -I../../Utilities/lpm/tiny_lpm -I../../Middlewares/Third_Party/LoRaWAN/LmHandler/Packages -I../../Drivers/CMSIS/Device/ST/STM32WLxx/Include -I../../Middlewares/Third_Party/LoRaWAN/Crypto -I../../Middlewares/Third_Party/LoRaWAN/Mac/Region -I../../Middlewares/Third_Party/LoRaWAN/Mac -I../../Middlewares/Third_Party/LoRaWAN/LmHandler -I../../Middlewares/Third_Party/LoRaWAN/Utilities -I../../Middlewares/Third_Party/SubGHz_Phy -I../../Middlewares/Third_Party/SubGHz_Phy/stm32_radio_driver -I../../Drivers/CMSIS/Include -I../../Drivers/BSP/STM32WLxx_Nucleo -I../Middlewares/Third_Party/LoRaWAN/Utilities -I/LoRaWAN_End_Node/Middlewares/Third_Party/LoRaWAN/Utilities/lorawan_conf.h -Og -ffunction-sections -fdata-sections -Wall -fstack-usage -fcyclomatic-complexity -MMD -MP -MF"Application/User/Core/subghz.d" -MT"Application/User/Core/subghz.o" --specs=nano.specs -mfloat-abi=soft -mthumb -o "Application/User/Core/subghz.o"
arm-none-eabi-gcc "C:/Users/tusg0/iiiii/LoRaWAN_End_Node/Core/Src/sys_app.c" -mcpu=cortex-m4 -std=gnu11 -g3 -DDEBUG -DCORE_CM4 -DUSE_HAL_DRIVER -DSTM32WL55xx -c -I../../Core/Inc -I../../LoRaWAN/App -I../../LoRaWAN/Target -I../../Drivers/STM32WLxx_HAL_Driver/Inc -I../../Drivers/STM32WLxx_HAL_Driver/Inc/Legacy -I../../Utilities/trace/adv_trace -I../../Utilities/misc -I../../Utilities/sequencer -I../../Utilities/timer -I../../Utilities/lpm/tiny_lpm -I../../Middlewares/Third_Party/LoRaWAN/LmHandler/Packages -I../../Drivers/CMSIS/Device/ST/STM32WLxx/Include -I../../Middlewares/Third_Party/LoRaWAN/Crypto -I../../Middlewares/Third_Party/LoRaWAN/Mac/Region -I../../Middlewares/Third_Party/LoRaWAN/Mac -I../../Middlewares/Third_Party/LoRaWAN/LmHandler -I../../Middlewares/Third_Party/LoRaWAN/Utilities -I../../Middlewares/Third_Party/SubGHz_Phy -I../../Middlewares/Third_Party/SubGHz_Phy/stm32_radio_driver -I../../Drivers/CMSIS/Include -I../../Drivers/BSP/STM32WLxx_Nucleo -I../Middlewares/Third_Party/LoRaWAN/Utilities -I/LoRaWAN_End_Node/Middlewares/Third_Party/LoRaWAN/Utilities/lorawan_conf.h -Og -ffunction-sections -fdata-sections -Wall -fstack-usage -fcyclomatic-complexity -MMD -MP -MF"Application/User/Core/sys_app.d" -MT"Application/User/Core/sys_app.o" --specs=nano.specs -mfloat-abi=soft -mthumb -o "Application/User/Core/sys_app.o"
arm-none-eabi-gcc "C:/Users/tusg0/iiiii/LoRaWAN_End_Node/Core/Src/sys_debug.c" -mcpu=cortex-m4 -std=gnu11 -g3 -DDEBUG -DCORE_CM4 -DUSE_HAL_DRIVER -DSTM32WL55xx -c -I../../Core/Inc -I../../LoRaWAN/App -I../../LoRaWAN/Target -I../../Drivers/STM32WLxx_HAL_Driver/Inc -I../../Drivers/STM32WLxx_HAL_Driver/Inc/Legacy -I../../Utilities/trace/adv_trace -I../../Utilities/misc -I../../Utilities/sequencer -I../../Utilities/timer -I../../Utilities/lpm/tiny_lpm -I../../Middlewares/Third_Party/LoRaWAN/LmHandler/Packages -I../../Drivers/CMSIS/Device/ST/STM32WLxx/Include -I../../Middlewares/Third_Party/LoRaWAN/Crypto -I../../Middlewares/Third_Party/LoRaWAN/Mac/Region -I../../Middlewares/Third_Party/LoRaWAN/Mac -I../../Middlewares/Third_Party/LoRaWAN/LmHandler -I../../Middlewares/Third_Party/LoRaWAN/Utilities -I../../Middlewares/Third_Party/SubGHz_Phy -I../../Middlewares/Third_Party/SubGHz_Phy/stm32_radio_driver -I../../Drivers/CMSIS/Include -I../../Drivers/BSP/STM32WLxx_Nucleo -I../Middlewares/Third_Party/LoRaWAN/Utilities -I/LoRaWAN_End_Node/Middlewares/Third_Party/LoRaWAN/Utilities/lorawan_conf.h -Og -ffunction-sections -fdata-sections -Wall -fstack-usage -fcyclomatic-complexity -MMD -MP -MF"Application/User/Core/sys_debug.d" -MT"Application/User/Core/sys_debug.o" --specs=nano.specs -mfloat-abi=soft -mthumb -o "Application/User/Core/sys_debug.o"
arm-none-eabi-gcc "C:/Users/tusg0/iiiii/LoRaWAN_End_Node/Core/Src/sys_sensors.c" -mcpu=cortex-m4 -std=gnu11 -g3 -DDEBUG -DCORE_CM4 -DUSE_HAL_DRIVER -DSTM32WL55xx -c -I../../Core/Inc -I../../LoRaWAN/App -I../../LoRaWAN/Target -I../../Drivers/STM32WLxx_HAL_Driver/Inc -I../../Drivers/STM32WLxx_HAL_Driver/Inc/Legacy -I../../Utilities/trace/adv_trace -I../../Utilities/misc -I../../Utilities/sequencer -I../../Utilities/timer -I../../Utilities/lpm/tiny_lpm -I../../Middlewares/Third_Party/LoRaWAN/LmHandler/Packages -I../../Drivers/CMSIS/Device/ST/STM32WLxx/Include -I../../Middlewares/Third_Party/LoRaWAN/Crypto -I../../Middlewares/Third_Party/LoRaWAN/Mac/Region -I../../Middlewares/Third_Party/LoRaWAN/Mac -I../../Middlewares/Third_Party/LoRaWAN/LmHandler -I../../Middlewares/Third_Party/LoRaWAN/Utilities -I../../Middlewares/Third_Party/SubGHz_Phy -I../../Middlewares/Third_Party/SubGHz_Phy/stm32_radio_driver -I../../Drivers/CMSIS/Include -I../../Drivers/BSP/STM32WLxx_Nucleo -I../Middlewares/Third_Party/LoRaWAN/Utilities -I/LoRaWAN_End_Node/Middlewares/Third_Party/LoRaWAN/Utilities/lorawan_conf.h -Og -ffunction-sections -fdata-sections -Wall -fstack-usage -fcyclomatic-complexity -MMD -MP -MF"Application/User/Core/sys_sensors.d" -MT"Application/User/Core/sys_sensors.o" --specs=nano.specs -mfloat-abi=soft -mthumb -o "Application/User/Core/sys_sensors.o"
arm-none-eabi-gcc "../Application/User/Core/syscalls.c" -mcpu=cortex-m4 -std=gnu11 -g3 -DDEBUG -DCORE_CM4 -DUSE_HAL_DRIVER -DSTM32WL55xx -c -I../../Core/Inc -I../../LoRaWAN/App -I../../LoRaWAN/Target -I../../Drivers/STM32WLxx_HAL_Driver/Inc -I../../Drivers/STM32WLxx_HAL_Driver/Inc/Legacy -I../../Utilities/trace/adv_trace -I../../Utilities/misc -I../../Utilities/sequencer -I../../Utilities/timer -I../../Utilities/lpm/tiny_lpm -I../../Middlewares/Third_Party/LoRaWAN/LmHandler/Packages -I../../Drivers/CMSIS/Device/ST/STM32WLxx/Include -I../../Middlewares/Third_Party/LoRaWAN/Crypto -I../../Middlewares/Third_Party/LoRaWAN/Mac/Region -I../../Middlewares/Third_Party/LoRaWAN/Mac -I../../Middlewares/Third_Party/LoRaWAN/LmHandler -I../../Middlewares/Third_Party/LoRaWAN/Utilities -I../../Middlewares/Third_Party/SubGHz_Phy -I../../Middlewares/Third_Party/SubGHz_Phy/stm32_radio_driver -I../../Drivers/CMSIS/Include -I../../Drivers/BSP/STM32WLxx_Nucleo -I../Middlewares/Third_Party/LoRaWAN/Utilities -I/LoRaWAN_End_Node/Middlewares/Third_Party/LoRaWAN/Utilities/lorawan_conf.h -Og -ffunction-sections -fdata-sections -Wall -fstack-usage -fcyclomatic-complexity -MMD -MP -MF"Application/User/Core/syscalls.d" -MT"Application/User/Core/syscalls.o" --specs=nano.specs -mfloat-abi=soft -mthumb -o "Application/User/Core/syscalls.o"
arm-none-eabi-gcc "../Application/User/Core/sysmem.c" -mcpu=cortex-m4 -std=gnu11 -g3 -DDEBUG -DCORE_CM4 -DUSE_HAL_DRIVER -DSTM32WL55xx -c -I../../Core/Inc -I../../LoRaWAN/App -I../../LoRaWAN/Target -I../../Drivers/STM32WLxx_HAL_Driver/Inc -I../../Drivers/STM32WLxx_HAL_Driver/Inc/Legacy -I../../Utilities/trace/adv_trace -I../../Utilities/misc -I../../Utilities/sequencer -I../../Utilities/timer -I../../Utilities/lpm/tiny_lpm -I../../Middlewares/Third_Party/LoRaWAN/LmHandler/Packages -I../../Drivers/CMSIS/Device/ST/STM32WLxx/Include -I../../Middlewares/Third_Party/LoRaWAN/Crypto -I../../Middlewares/Third_Party/LoRaWAN/Mac/Region -I../../Middlewares/Third_Party/LoRaWAN/Mac -I../../Middlewares/Third_Party/LoRaWAN/LmHandler -I../../Middlewares/Third_Party/LoRaWAN/Utilities -I../../Middlewares/Third_Party/SubGHz_Phy -I../../Middlewares/Third_Party/SubGHz_Phy/stm32_radio_driver -I../../Drivers/CMSIS/Include -I../../Drivers/BSP/STM32WLxx_Nucleo -I../Middlewares/Third_Party/LoRaWAN/Utilities -I/LoRaWAN_End_Node/Middlewares/Third_Party/LoRaWAN/Utilities/lorawan_conf.h -Og -ffunction-sections -fdata-sections -Wall -fstack-usage -fcyclomatic-complexity -MMD -MP -MF"Application/User/Core/sysmem.d" -MT"Application/User/Core/sysmem.o" --specs=nano.specs -mfloat-abi=soft -mthumb -o "Application/User/Core/sysmem.o"
arm-none-eabi-gcc "C:/Users/tusg0/iiiii/LoRaWAN_End_Node/Core/Src/timer_if.c" -mcpu=cortex-m4 -std=gnu11 -g3 -DDEBUG -DCORE_CM4 -DUSE_HAL_DRIVER -DSTM32WL55xx -c -I../../Core/Inc -I../../LoRaWAN/App -I../../LoRaWAN/Target -I../../Drivers/STM32WLxx_HAL_Driver/Inc -I../../Drivers/STM32WLxx_HAL_Driver/Inc/Legacy -I../../Utilities/trace/adv_trace -I../../Utilities/misc -I../../Utilities/sequencer -I../../Utilities/timer -I../../Utilities/lpm/tiny_lpm -I../../Middlewares/Third_Party/LoRaWAN/LmHandler/Packages -I../../Drivers/CMSIS/Device/ST/STM32WLxx/Include -I../../Middlewares/Third_Party/LoRaWAN/Crypto -I../../Middlewares/Third_Party/LoRaWAN/Mac/Region -I../../Middlewares/Third_Party/LoRaWAN/Mac -I../../Middlewares/Third_Party/LoRaWAN/LmHandler -I../../Middlewares/Third_Party/LoRaWAN/Utilities -I../../Middlewares/Third_Party/SubGHz_Phy -I../../Middlewares/Third_Party/SubGHz_Phy/stm32_radio_driver -I../../Drivers/CMSIS/Include -I../../Drivers/BSP/STM32WLxx_Nucleo -I../Middlewares/Third_Party/LoRaWAN/Utilities -I/LoRaWAN_End_Node/Middlewares/Third_Party/LoRaWAN/Utilities/lorawan_conf.h -Og -ffunction-sections -fdata-sections -Wall -fstack-usage -fcyclomatic-complexity -MMD -MP -MF"Application/User/Core/timer_if.d" -MT"Application/User/Core/timer_if.o" --specs=nano.specs -mfloat-abi=soft -mthumb -o "Application/User/Core/timer_if.o"
arm-none-eabi-gcc "C:/Users/tusg0/iiiii/LoRaWAN_End_Node/Core/Src/usart.c" -mcpu=cortex-m4 -std=gnu11 -g3 -DDEBUG -DCORE_CM4 -DUSE_HAL_DRIVER -DSTM32WL55xx -c -I../../Core/Inc -I../../LoRaWAN/App -I../../LoRaWAN/Target -I../../Drivers/STM32WLxx_HAL_Driver/Inc -I../../Drivers/STM32WLxx_HAL_Driver/Inc/Legacy -I../../Utilities/trace/adv_trace -I../../Utilities/misc -I../../Utilities/sequencer -I../../Utilities/timer -I../../Utilities/lpm/tiny_lpm -I../../Middlewares/Third_Party/LoRaWAN/LmHandler/Packages -I../../Drivers/CMSIS/Device/ST/STM32WLxx/Include -I../../Middlewares/Third_Party/LoRaWAN/Crypto -I../../Middlewares/Third_Party/LoRaWAN/Mac/Region -I../../Middlewares/Third_Party/LoRaWAN/Mac -I../../Middlewares/Third_Party/LoRaWAN/LmHandler -I../../Middlewares/Third_Party/LoRaWAN/Utilities -I../../Middlewares/Third_Party/SubGHz_Phy -I../../Middlewares/Third_Party/SubGHz_Phy/stm32_radio_driver -I../../Drivers/CMSIS/Include -I../../Drivers/BSP/STM32WLxx_Nucleo -I../Middlewares/Third_Party/LoRaWAN/Utilities -I/LoRaWAN_End_Node/Middlewares/Third_Party/LoRaWAN/Utilities/lorawan_conf.h -Og -ffunction-sections -fdata-sections -Wall -fstack-usage -fcyclomatic-complexity -MMD -MP -MF"Application/User/Core/usart.d" -MT"Application/User/Core/usart.o" --specs=nano.specs -mfloat-abi=soft -mthumb -o "Application/User/Core/usart.o"
arm-none-eabi-gcc "C:/Users/tusg0/iiiii/LoRaWAN_End_Node/Core/Src/usart_if.c" -mcpu=cortex-m4 -std=gnu11 -g3 -DDEBUG -DCORE_CM4 -DUSE_HAL_DRIVER -DSTM32WL55xx -c -I../../Core/Inc -I../../LoRaWAN/App -I../../LoRaWAN/Target -I../../Drivers/STM32WLxx_HAL_Driver/Inc -I../../Drivers/STM32WLxx_HAL_Driver/Inc/Legacy -I../../Utilities/trace/adv_trace -I../../Utilities/misc -I../../Utilities/sequencer -I../../Utilities/timer -I../../Utilities/lpm/tiny_lpm -I../../Middlewares/Third_Party/LoRaWAN/LmHandler/Packages -I../../Drivers/CMSIS/Device/ST/STM32WLxx/Include -I../../Middlewares/Third_Party/LoRaWAN/Crypto -I../../Middlewares/Third_Party/LoRaWAN/Mac/Region -I../../Middlewares/Third_Party/LoRaWAN/Mac -I../../Middlewares/Third_Party/LoRaWAN/LmHandler -I../../Middlewares/Third_Party/LoRaWAN/Utilities -I../../Middlewares/Third_Party/SubGHz_Phy -I../../Middlewares/Third_Party/SubGHz_Phy/stm32_radio_driver -I../../Drivers/CMSIS/Include -I../../Drivers/BSP/STM32WLxx_Nucleo -I../Middlewares/Third_Party/LoRaWAN/Utilities -I/LoRaWAN_End_Node/Middlewares/Third_Party/LoRaWAN/Utilities/lorawan_conf.h -Og -ffunction-sections -fdata-sections -Wall -fstack-usage -fcyclomatic-complexity -MMD -MP -MF"Application/User/Core/usart_if.d" -MT"Application/User/Core/usart_if.o" --specs=nano.specs -mfloat-abi=soft -mthumb -o "Application/User/Core/usart_if.o"
arm-none-eabi-gcc -o "LoRaWAN_End_Node.elf" @"objects.list"   -mcpu=cortex-m4 -T"C:\Users\tusg0\iiiii\LoRaWAN_End_Node\STM32CubeIDE\STM32WL55JCIX_FLASH.ld" --specs=nosys.specs -Wl,-Map="LoRaWAN_End_Node.map" -Wl,--gc-sections -static --specs=nano.specs -mfloat-abi=soft -mthumb -Wl,--start-group -lc -lm -Wl,--end-group
C:/ST/STM32CubeIDE_1.18.0/STM32CubeIDE/plugins/com.st.stm32cube.ide.mcu.externaltools.gnu-tools-for-stm32.13.3.rel1.win32_1.0.0.202411081344/tools/bin/../lib/gcc/arm-none-eabi/13.3.1/../../../../arm-none-eabi/bin/ld.exe: warning: LoRaWAN_End_Node.elf has a LOAD segment with RWX permissions
Finished building target: LoRaWAN_End_Node.elf
 
arm-none-eabi-size  LoRaWAN_End_Node.elf 
arm-none-eabi-objdump -h -S LoRaWAN_End_Node.elf  > "LoRaWAN_End_Node.list"
   text	   data	    bss	    dec	    hex	filename
  79056	    376	  11304	  90736	  16270	LoRaWAN_End_Node.elf
Finished building: default.size.stdout
 
Finished building: LoRaWAN_End_Node.list
 
02:49:32 **** Incremental Build of configuration Debug for project LoRaWAN_End_Node ****
make -j12 all 
arm-none-eabi-size  LoRaWAN_End_Node.elf 
   text	   data	    bss	    dec	    hex	filename
  79056	    376	  11304	  90736	  16270	LoRaWAN_End_Node.elf
Finished building: default.size.stdout
 
